
Memory Configuration

Name             Origin             Length             Attributes
FLASH            0x08000000         0x00010000         xr
SRAM             0x20000000         0x00005000         xrw
*default*        0x00000000         0xffffffff

Linker script and memory map

LOAD Build/Objects/main.o
LOAD Build/Objects/startup.o
LOAD Build/Objects/AHT20.o
LOAD Build/Objects/DHT11.o
LOAD Build/Objects/MAX7219.o
LOAD Build/Objects/Delay.o
LOAD Build/Objects/DMA.o
LOAD Build/Objects/gp_drive.o
LOAD Build/Objects/GPIO.o
LOAD Build/Objects/I2C.o
LOAD Build/Objects/I2C_Driver.o
LOAD Build/Objects/IWDG.o
LOAD Build/Objects/SPI.o
LOAD Build/Objects/Systick_Timer.o
LOAD Build/Objects/Timer.o
LOAD Build/Objects/UART_Driver.o

.isr_vector     0x08000000       0xec
 *(.isr_vector)
 .isr_vector    0x08000000       0xec Build/Objects/startup.o
                0x08000000                isr_vector

.text           0x080000ec     0x2d84
                0x080000ec                . = ALIGN (0x4)
 *(.text)
 .text          0x080000ec      0x320 Build/Objects/main.o
                0x08000178                TIM1_UP_Handler
                0x0800021c                TIM1_Config
                0x08000264                ClockInit
                0x080002f8                ToggleLED
                0x08000308                GetCounterValue
                0x08000320                Set_DutyCycle
                0x08000344                main
 .text          0x0800040c       0x84 Build/Objects/startup.o
                0x0800040c                FLASH_Handler
                0x0800040c                TIM1_TRG_COM_Handler
                0x0800040c                USART3_Handler
                0x0800040c                DMA1_Channel7_Handler
                0x0800040c                DMA1_Channel6_Handler
                0x0800040c                EXTI15_10_Handler
                0x0800040c                USBWakeup_Handler
                0x0800040c                I2C1_EV_Handler
                0x0800040c                ADC1_2_Handler
                0x0800040c                WWDG_Handler
                0x0800040c                EXTI4_Handler
                0x0800040c                DMA1_Channel1_Handler
                0x0800040c                svcall_handler
                0x0800040c                systick_handler
                0x0800040c                I2C1_ER_Handler
                0x0800040c                RTC_Handler
                0x0800040c                TIM1_CC_Handler
                0x0800040c                I2C2_ER_Handler
                0x0800040c                usage_fault_handler
                0x0800040c                USB_HP_CAN_TX_Handler
                0x0800040c                default_handler
                0x0800040c                CAN_RX1_Handler
                0x0800040c                TIM1_BRK_Handler
                0x0800040c                EXTI1_Handler
                0x0800040c                EXTI3_Handler
                0x0800040c                USB_LP_CAN_RX0_Handler
                0x0800040c                EXTI2_Handler
                0x0800040c                EXTI9_5_Handler
                0x0800040c                TIM2_Handler
                0x0800040c                USART1_Handler
                0x0800040c                hard_fault_handler
                0x0800040c                DMA1_Channel4_Handler
                0x0800040c                TIM3_Handler
                0x0800040c                CAN_SCE_Handler
                0x0800040c                DMA1_Channel3_Handler
                0x0800040c                TIM4_Handler
                0x0800040c                debug_monitor_handler
                0x0800040c                SPI2_Handler
                0x0800040c                DMA1_Channel2_Handler
                0x0800040c                pendsv_handler
                0x0800040c                EXTI0_Handler
                0x0800040c                mem_manage_handler
                0x0800040c                DMA1_Channel5_Handler
                0x0800040c                USART2_Handler
                0x0800040c                SPI1_Handler
                0x0800040c                I2C2_EV_Handler
                0x0800040c                RCC_Handler
                0x0800040c                PVD_Handler
                0x0800040c                nmi_handler
                0x0800040c                RTCAlarm_Handler
                0x0800040c                bus_fault_handler
                0x0800040c                TAMPER_Handler
                0x08000412                reset_handler
 .text          0x08000490      0x1b0 Build/Objects/AHT20.o
                0x08000490                AHT20_SendInitializeCommand
                0x080004d4                AHT20_SendTriggerMeasurementCommand
                0x08000518                AHT20_Init
                0x08000558                AHT20_Reset
                0x0800057a                AHT20_GetSensorSignal
                0x080005b8                AHT20_GetSensorData
 .text          0x08000640      0x164 Build/Objects/DHT11.o
                0x08000640                DHT11_SendStartSignal
                0x080006ba                DHT11_GetSignal
                0x08000746                DHT11_GetValue
 .text          0x080007a4      0x28c Build/Objects/MAX7219.o
                0x080007a4                MAX7219_SendData
                0x080007e8                MAX7219_PowerOn
                0x080007f8                MAX7219_SetIntensity
                0x08000814                MAX7219_SetScanLimit
                0x08000830                MAX7219_Clean
                0x08000864                MAX7219_SetDecodeMode
                0x08000880                MAX7219_Init
                0x080008ba                MAX7219_EmptyAllDigits
                0x080008e8                MAX7219_PrintString
                0x08000938                MAX7219_PrintInt
 .text          0x08000a30       0xb0 Build/Objects/Delay.o
                0x08000a30                TIM2_Config
                0x08000a80                delay_us
                0x08000aae                delay_ms
 .text          0x08000ae0      0x28c Build/Objects/DMA.o
                0x08000ae0                DMA_EnableClock
                0x08000b1c                DMA_SetPeripheralAddress
                0x08000b36                DMA_SetMemoryAddress
                0x08000b50                DMA_SetNumberOfData
                0x08000b78                DMA_SetChannelPriority
                0x08000ba8                DMA_SetDirection
                0x08000bd8                DMA_SetCircularMode
                0x08000c08                DMA_SetIncrementedMode
                0x08000c5e                DMA_SetMemorySize
                0x08000c8e                DMA_SetPeripheralSize
                0x08000cbe                DMA_Init
                0x08000d18                DMA_SetTransactionInfo
                0x08000d4e                DMA_Enable
 .text          0x08000d6c      0x228 Build/Objects/gp_drive.o
                0x08000d6c                init_GP
                0x08000e4c                R_GP
                0x08000ec2                W_GP
                0x08000f50                toggle_GP
 .text          0x08000f94      0xa04 Build/Objects/GPIO.o
                0x08000f94                GPIO_EnableClock
                0x08000fc0                GPIO_Init
                0x0800159c                GPIO_Set
                0x08001640                GPIO_Reset
                0x080016ec                GPIO_Toggle
                0x08001810                GPIO_PullUpDown
                0x08001918                GPIO_ReadPin
 .text          0x08001998      0x63c Build/Objects/I2C.o
                0x08001998                I2C_EnableClock
                0x080019e0                I2C_IOConfig
                0x08001a98                I2C_Enable
                0x08001ab6                I2C_GenerateStartCondition
                0x08001b16                I2C_GenerateStopCondition
                0x08001b34                I2C_SetClockFrequency
                0x08001b6e                I2C_MasterModeSelect
                0x08001b9e                I2C_SetCCRValue
                0x08001bc8                I2C_SetTRISEValue
                0x08001be4                I2C_ClockConfig
                0x08001c14                I2C_EnableAcknowledge
                0x08001c44                I2C_Init
                0x08001c80                I2C_TransmitSlaveAddress
                0x08001d2e                I2C_TransmitData
                0x08001df8                I2C_ReadData
 .text          0x08001fd4        0x0 Build/Objects/I2C_Driver.o
 .text          0x08001fd4       0xc4 Build/Objects/IWDG.o
                0x08001fd4                IWDG_SetPrescaler
                0x08002010                IWDG_SetReloadValue
                0x08002038                IWDG_Start
                0x08002050                IWDG_Reset
                0x08002068                IWDG_Init
 .text          0x08002098      0x3c4 Build/Objects/SPI.o
                0x08002098                SPI_EnableClock
                0x080020e0                SPI_SetClockPhase
                0x0800210e                SPI_SetClockPolarity
                0x0800213e                SPI_SetMasterSlave
                0x0800216e                SPI_SetSourceClock
                0x080021b4                SPI_Enable
                0x080021d2                SPI_Disable
                0x0800220c                SPI_SoftwareSlaveSelect_Enable
                0x08002242                SPI_SetFrameFormat
                0x08002272                SPI_Init
                0x080022c0                SPI_SetTransmitOnlyMode
                0x080022e8                SPI_IO_Init
                0x08002378                SPI_Transmit
                0x080023f8                SPI_Transmit_DMA
 .text          0x0800245c       0x80 Build/Objects/Systick_Timer.o
                0x0800245c                systick_init
                0x08002488                DelayMillis
                0x080024b8                DelayMs
 .text          0x080024dc      0x800 Build/Objects/Timer.o
                0x080024dc                TIM_EnableTimerClock
                0x08002554                TIM_SetSlaveMode
                0x08002582                TIM_SetPolarity
                0x0800262a                TIM_SetChannelDirection
                0x080026ce                TIM_SetInputCaptureFilter
                0x08002776                TIM_EnableCounter
                0x08002794                TIM_EnableCaptureInput
                0x08002800                TIM_PWM_IO_Config
                0x08002994                TIM_PWM_Init
                0x08002a82                TIM_EnableCCOutput
                0x08002ae6                TIM_PWM_Mode
                0x08002b8e                TIM_EnableUpdateGeneration
                0x08002bac                TIM_PWM_Start
                0x08002bd6                TIM_SetPrescaler
                0x08002bf6                TIM_SetARRReg
                0x08002c12                TIM_SetCCRxReg
                0x08002c6a                TIM_Encoder_Init
                0x08002cb6                TIM_EncoderStart
 .text          0x08002cdc      0x18c Build/Objects/UART_Driver.o
                0x08002cdc                UART_init
                0x08002d80                USART2_ReceiveChar
                0x08002dac                USART2_SendChar
                0x08002de8                UART_SendString
                0x08002e20                USART2_ReceiveString
 *(.rodata)
 .rodata        0x08002e68        0x7 Build/Objects/AHT20.o
                0x08002e70                . = ALIGN (0x4)
 *fill*         0x08002e6f        0x1 
                0x08002e70                _etext = .

.glue_7         0x08002e70        0x0
 .glue_7        0x08002e70        0x0 linker stubs

.glue_7t        0x08002e70        0x0
 .glue_7t       0x08002e70        0x0 linker stubs

.vfp11_veneer   0x08002e70        0x0
 .vfp11_veneer  0x08002e70        0x0 linker stubs

.v4_bx          0x08002e70        0x0
 .v4_bx         0x08002e70        0x0 linker stubs

.iplt           0x08002e70        0x0
 .iplt          0x08002e70        0x0 Build/Objects/main.o

.rel.dyn        0x08002e70        0x0
 .rel.iplt      0x08002e70        0x0 Build/Objects/main.o

.data           0x20000000       0x10 load address 0x08002e70
                0x20000000                . = ALIGN (0x4)
                0x20000000                _sdata = .
 *(.data)
 .data          0x20000000        0x1 Build/Objects/main.o
                0x20000000                rx_data
 .data          0x20000001        0x0 Build/Objects/startup.o
 .data          0x20000001        0x0 Build/Objects/AHT20.o
 .data          0x20000001        0x0 Build/Objects/DHT11.o
 *fill*         0x20000001        0x3 
 .data          0x20000004        0xa Build/Objects/MAX7219.o
                0x20000004                DigitCodes
 .data          0x2000000e        0x0 Build/Objects/Delay.o
 .data          0x2000000e        0x0 Build/Objects/DMA.o
 .data          0x2000000e        0x0 Build/Objects/gp_drive.o
 .data          0x2000000e        0x0 Build/Objects/GPIO.o
 .data          0x2000000e        0x0 Build/Objects/I2C.o
 .data          0x2000000e        0x0 Build/Objects/I2C_Driver.o
 .data          0x2000000e        0x0 Build/Objects/IWDG.o
 .data          0x2000000e        0x0 Build/Objects/SPI.o
 .data          0x2000000e        0x0 Build/Objects/Systick_Timer.o
 .data          0x2000000e        0x0 Build/Objects/Timer.o
 .data          0x2000000e        0x0 Build/Objects/UART_Driver.o
                0x20000010                . = ALIGN (0x4)
 *fill*         0x2000000e        0x2 
                0x20000010                _edata = .

.igot.plt       0x20000010        0x0 load address 0x08002e80
 .igot.plt      0x20000010        0x0 Build/Objects/main.o

.bss            0x20000010       0x18 load address 0x08002e80
                0x20000010                . = ALIGN (0x4)
                0x20000010                _sbss = .
 *(.bss)
 .bss           0x20000010       0x18 Build/Objects/main.o
                0x20000010                counterVal
                0x20000014                position
                0x20000016                old_position
                0x20000018                encoderPPS
                0x2000001a                currentFanRPM
                0x2000001c                ms_count
                0x20000020                AHT20_data
                0x20000026                Humidity
                0x20000027                Temperature
 .bss           0x20000028        0x0 Build/Objects/startup.o
 .bss           0x20000028        0x0 Build/Objects/AHT20.o
 .bss           0x20000028        0x0 Build/Objects/DHT11.o
 .bss           0x20000028        0x0 Build/Objects/MAX7219.o
 .bss           0x20000028        0x0 Build/Objects/Delay.o
 .bss           0x20000028        0x0 Build/Objects/DMA.o
 .bss           0x20000028        0x0 Build/Objects/gp_drive.o
 .bss           0x20000028        0x0 Build/Objects/GPIO.o
 .bss           0x20000028        0x0 Build/Objects/I2C.o
 .bss           0x20000028        0x0 Build/Objects/I2C_Driver.o
 .bss           0x20000028        0x0 Build/Objects/IWDG.o
 .bss           0x20000028        0x0 Build/Objects/SPI.o
 .bss           0x20000028        0x0 Build/Objects/Systick_Timer.o
 .bss           0x20000028        0x0 Build/Objects/Timer.o
 .bss           0x20000028        0x0 Build/Objects/UART_Driver.o
                0x20000028                . = ALIGN (0x4)
                0x20000028                _ebss = .
OUTPUT(Build/Output/out.elf elf32-littlearm)
LOAD linker stubs

.debug_info     0x00000000     0x3c75
 .debug_info    0x00000000      0xa74 Build/Objects/main.o
 .debug_info    0x00000a74      0x1a0 Build/Objects/startup.o
 .debug_info    0x00000c14      0x385 Build/Objects/AHT20.o
 .debug_info    0x00000f99      0x1f9 Build/Objects/DHT11.o
 .debug_info    0x00001192      0x390 Build/Objects/MAX7219.o
 .debug_info    0x00001522      0x2f5 Build/Objects/Delay.o
 .debug_info    0x00001817      0x4e3 Build/Objects/DMA.o
 .debug_info    0x00001cfa      0x1be Build/Objects/gp_drive.o
 .debug_info    0x00001eb8      0x4a0 Build/Objects/GPIO.o
 .debug_info    0x00002358      0x793 Build/Objects/I2C.o
 .debug_info    0x00002aeb      0x1a7 Build/Objects/IWDG.o
 .debug_info    0x00002c92      0x4fb Build/Objects/SPI.o
 .debug_info    0x0000318d      0x126 Build/Objects/Systick_Timer.o
 .debug_info    0x000032b3      0x6b1 Build/Objects/Timer.o
 .debug_info    0x00003964      0x311 Build/Objects/UART_Driver.o

.debug_abbrev   0x00000000     0x118d
 .debug_abbrev  0x00000000      0x1fb Build/Objects/main.o
 .debug_abbrev  0x000001fb       0xe6 Build/Objects/startup.o
 .debug_abbrev  0x000002e1      0x12f Build/Objects/AHT20.o
 .debug_abbrev  0x00000410       0xe6 Build/Objects/DHT11.o
 .debug_abbrev  0x000004f6      0x143 Build/Objects/MAX7219.o
 .debug_abbrev  0x00000639       0xe1 Build/Objects/Delay.o
 .debug_abbrev  0x0000071a      0x135 Build/Objects/DMA.o
 .debug_abbrev  0x0000084f       0xee Build/Objects/gp_drive.o
 .debug_abbrev  0x0000093d      0x172 Build/Objects/GPIO.o
 .debug_abbrev  0x00000aaf      0x19d Build/Objects/I2C.o
 .debug_abbrev  0x00000c4c       0xec Build/Objects/IWDG.o
 .debug_abbrev  0x00000d38      0x117 Build/Objects/SPI.o
 .debug_abbrev  0x00000e4f       0xce Build/Objects/Systick_Timer.o
 .debug_abbrev  0x00000f1d      0x135 Build/Objects/Timer.o
 .debug_abbrev  0x00001052      0x13b Build/Objects/UART_Driver.o

.debug_aranges  0x00000000      0x1e0
 .debug_aranges
                0x00000000       0x20 Build/Objects/main.o
 .debug_aranges
                0x00000020       0x20 Build/Objects/startup.o
 .debug_aranges
                0x00000040       0x20 Build/Objects/AHT20.o
 .debug_aranges
                0x00000060       0x20 Build/Objects/DHT11.o
 .debug_aranges
                0x00000080       0x20 Build/Objects/MAX7219.o
 .debug_aranges
                0x000000a0       0x20 Build/Objects/Delay.o
 .debug_aranges
                0x000000c0       0x20 Build/Objects/DMA.o
 .debug_aranges
                0x000000e0       0x20 Build/Objects/gp_drive.o
 .debug_aranges
                0x00000100       0x20 Build/Objects/GPIO.o
 .debug_aranges
                0x00000120       0x20 Build/Objects/I2C.o
 .debug_aranges
                0x00000140       0x20 Build/Objects/IWDG.o
 .debug_aranges
                0x00000160       0x20 Build/Objects/SPI.o
 .debug_aranges
                0x00000180       0x20 Build/Objects/Systick_Timer.o
 .debug_aranges
                0x000001a0       0x20 Build/Objects/Timer.o
 .debug_aranges
                0x000001c0       0x20 Build/Objects/UART_Driver.o

.debug_line     0x00000000     0x2925
 .debug_line    0x00000000      0x2e8 Build/Objects/main.o
 .debug_line    0x000002e8      0x18f Build/Objects/startup.o
 .debug_line    0x00000477      0x253 Build/Objects/AHT20.o
 .debug_line    0x000006ca      0x203 Build/Objects/DHT11.o
 .debug_line    0x000008cd      0x23e Build/Objects/MAX7219.o
 .debug_line    0x00000b0b      0x1cd Build/Objects/Delay.o
 .debug_line    0x00000cd8      0x237 Build/Objects/DMA.o
 .debug_line    0x00000f0f      0x14f Build/Objects/gp_drive.o
 .debug_line    0x0000105e      0x695 Build/Objects/GPIO.o
 .debug_line    0x000016f3      0x565 Build/Objects/I2C.o
 .debug_line    0x00001c58        0x0 Build/Objects/I2C_Driver.o
 .debug_line    0x00001c58      0x1b9 Build/Objects/IWDG.o
 .debug_line    0x00001e11      0x2fa Build/Objects/SPI.o
 .debug_line    0x0000210b      0x1ad Build/Objects/Systick_Timer.o
 .debug_line    0x000022b8      0x439 Build/Objects/Timer.o
 .debug_line    0x000026f1      0x234 Build/Objects/UART_Driver.o

.debug_str      0x00000000     0x13c9
 .debug_str     0x00000000      0x688 Build/Objects/main.o
                                0x721 (size before relaxing)
 .debug_str     0x00000688       0x7d Build/Objects/startup.o
                                0x1ca (size before relaxing)
 .debug_str     0x00000705      0x16b Build/Objects/AHT20.o
                                0x320 (size before relaxing)
 .debug_str     0x00000870       0xad Build/Objects/DHT11.o
                                0x1ff (size before relaxing)
 .debug_str     0x0000091d      0x138 Build/Objects/MAX7219.o
                                0x2ef (size before relaxing)
 .debug_str     0x00000a55       0x4a Build/Objects/Delay.o
                                0x21d (size before relaxing)
 .debug_str     0x00000a9f      0x1a4 Build/Objects/DMA.o
                                0x3a5 (size before relaxing)
 .debug_str     0x00000c43       0x4c Build/Objects/gp_drive.o
                                0x11a (size before relaxing)
 .debug_str     0x00000c8f       0xc7 Build/Objects/GPIO.o
                                0x27c (size before relaxing)
 .debug_str     0x00000d56      0x1de Build/Objects/I2C.o
                                0x44c (size before relaxing)
 .debug_str     0x00000f34       0x21 Build/Objects/I2C_Driver.o
                                 0xc4 (size before relaxing)
 .debug_str     0x00000f55       0x7d Build/Objects/IWDG.o
                                0x1ea (size before relaxing)
 .debug_str     0x00000fd2      0x127 Build/Objects/SPI.o
                                0x340 (size before relaxing)
 .debug_str     0x000010f9       0x62 Build/Objects/Systick_Timer.o
                                0x19d (size before relaxing)
 .debug_str     0x0000115b      0x1c4 Build/Objects/Timer.o
                                0x3c9 (size before relaxing)
 .debug_str     0x0000131f       0xaa Build/Objects/UART_Driver.o
                                0x245 (size before relaxing)

.comment        0x00000000       0x49
 .comment       0x00000000       0x49 Build/Objects/main.o
                                 0x4a (size before relaxing)
 .comment       0x00000049       0x4a Build/Objects/startup.o
 .comment       0x00000049       0x4a Build/Objects/AHT20.o
 .comment       0x00000049       0x4a Build/Objects/DHT11.o
 .comment       0x00000049       0x4a Build/Objects/MAX7219.o
 .comment       0x00000049       0x4a Build/Objects/Delay.o
 .comment       0x00000049       0x4a Build/Objects/DMA.o
 .comment       0x00000049       0x4a Build/Objects/gp_drive.o
 .comment       0x00000049       0x4a Build/Objects/GPIO.o
 .comment       0x00000049       0x4a Build/Objects/I2C.o
 .comment       0x00000049       0x4a Build/Objects/I2C_Driver.o
 .comment       0x00000049       0x4a Build/Objects/IWDG.o
 .comment       0x00000049       0x4a Build/Objects/SPI.o
 .comment       0x00000049       0x4a Build/Objects/Systick_Timer.o
 .comment       0x00000049       0x4a Build/Objects/Timer.o
 .comment       0x00000049       0x4a Build/Objects/UART_Driver.o

.ARM.attributes
                0x00000000       0x2d
 .ARM.attributes
                0x00000000       0x2d Build/Objects/main.o
 .ARM.attributes
                0x0000002d       0x2d Build/Objects/startup.o
 .ARM.attributes
                0x0000005a       0x2d Build/Objects/AHT20.o
 .ARM.attributes
                0x00000087       0x2d Build/Objects/DHT11.o
 .ARM.attributes
                0x000000b4       0x2d Build/Objects/MAX7219.o
 .ARM.attributes
                0x000000e1       0x2d Build/Objects/Delay.o
 .ARM.attributes
                0x0000010e       0x2d Build/Objects/DMA.o
 .ARM.attributes
                0x0000013b       0x2d Build/Objects/gp_drive.o
 .ARM.attributes
                0x00000168       0x2d Build/Objects/GPIO.o
 .ARM.attributes
                0x00000195       0x2d Build/Objects/I2C.o
 .ARM.attributes
                0x000001c2       0x2d Build/Objects/I2C_Driver.o
 .ARM.attributes
                0x000001ef       0x2d Build/Objects/IWDG.o
 .ARM.attributes
                0x0000021c       0x2d Build/Objects/SPI.o
 .ARM.attributes
                0x00000249       0x2d Build/Objects/Systick_Timer.o
 .ARM.attributes
                0x00000276       0x2d Build/Objects/Timer.o
 .ARM.attributes
                0x000002a3       0x2d Build/Objects/UART_Driver.o

.debug_frame    0x00000000     0x1208
 .debug_frame   0x00000000      0x13c Build/Objects/main.o
 .debug_frame   0x0000013c       0x4c Build/Objects/startup.o
 .debug_frame   0x00000188       0xe8 Build/Objects/AHT20.o
 .debug_frame   0x00000270       0x7c Build/Objects/DHT11.o
 .debug_frame   0x000002ec      0x17c Build/Objects/MAX7219.o
 .debug_frame   0x00000468       0x78 Build/Objects/Delay.o
 .debug_frame   0x000004e0      0x210 Build/Objects/DMA.o
 .debug_frame   0x000006f0       0xb0 Build/Objects/gp_drive.o
 .debug_frame   0x000007a0      0x128 Build/Objects/GPIO.o
 .debug_frame   0x000008c8      0x24c Build/Objects/I2C.o
 .debug_frame   0x00000b14       0xc4 Build/Objects/IWDG.o
 .debug_frame   0x00000bd8      0x228 Build/Objects/SPI.o
 .debug_frame   0x00000e00       0x74 Build/Objects/Systick_Timer.o
 .debug_frame   0x00000e74      0x2cc Build/Objects/Timer.o
 .debug_frame   0x00001140       0xc8 Build/Objects/UART_Driver.o

.debug_ranges   0x00000000      0x138
 .debug_ranges  0x00000000      0x138 Build/Objects/GPIO.o
