
Memory Configuration

Name             Origin             Length             Attributes
FLASH            0x08000000         0x00010000         xr
SRAM             0x20000000         0x00005000         xrw
*default*        0x00000000         0xffffffff

Linker script and memory map

LOAD Build/Objects/main.o
LOAD Build/Objects/startup.o
LOAD Build/Objects/AHT20.o
LOAD Build/Objects/DHT11.o
LOAD Build/Objects/MAX7219.o
LOAD Build/Objects/ARM_System.o
LOAD Build/Objects/Delay.o
LOAD Build/Objects/DMA.o
LOAD Build/Objects/GPIO.o
LOAD Build/Objects/I2C.o
LOAD Build/Objects/IWDG.o
LOAD Build/Objects/SPI.o
LOAD Build/Objects/Timer.o
LOAD Build/Objects/USART.o
START GROUP
LOAD c:/program files (x86)/gnuarmembeddedtoolchain/10_2021.10/bin/../lib/gcc/arm-none-eabi/10.3.1/thumb/v7-m/nofp\libgcc.a
LOAD c:/program files (x86)/gnuarmembeddedtoolchain/10_2021.10/bin/../lib/gcc/arm-none-eabi/10.3.1/../../../../arm-none-eabi/lib/thumb/v7-m/nofp\libg.a
LOAD c:/program files (x86)/gnuarmembeddedtoolchain/10_2021.10/bin/../lib/gcc/arm-none-eabi/10.3.1/../../../../arm-none-eabi/lib/thumb/v7-m/nofp\libc.a
END GROUP
START GROUP
LOAD c:/program files (x86)/gnuarmembeddedtoolchain/10_2021.10/bin/../lib/gcc/arm-none-eabi/10.3.1/thumb/v7-m/nofp\libgcc.a
LOAD c:/program files (x86)/gnuarmembeddedtoolchain/10_2021.10/bin/../lib/gcc/arm-none-eabi/10.3.1/../../../../arm-none-eabi/lib/thumb/v7-m/nofp\libc.a
LOAD c:/program files (x86)/gnuarmembeddedtoolchain/10_2021.10/bin/../lib/gcc/arm-none-eabi/10.3.1/../../../../arm-none-eabi/lib/thumb/v7-m/nofp\libnosys.a
END GROUP

.isr_vector     0x08000000       0xec
 *(.isr_vector)
 .isr_vector    0x08000000       0xec Build/Objects/startup.o
                0x08000000                isr_vector

.text           0x080000ec     0x301c
                0x080000ec                . = ALIGN (0x4)
 *(.text)
 .text          0x080000ec      0x3ac Build/Objects/main.o
                0x08000178                TIM1_UP_Handler
                0x0800021c                TIM1_Config
                0x08000264                ClockInit
                0x080002f8                ToggleLED
                0x08000308                GetCounterValue
                0x08000320                Set_DutyCycle
                0x08000344                USART1_ConfigInterrupt
                0x0800036c                USART1_Handler
                0x08000394                main
 .text          0x08000498       0x8c Build/Objects/startup.o
                0x08000498                FLASH_Handler
                0x08000498                TIM1_TRG_COM_Handler
                0x08000498                USART3_Handler
                0x08000498                DMA1_Channel7_Handler
                0x08000498                DMA1_Channel6_Handler
                0x08000498                EXTI15_10_Handler
                0x08000498                USBWakeup_Handler
                0x08000498                I2C1_EV_Handler
                0x08000498                ADC1_2_Handler
                0x08000498                WWDG_Handler
                0x08000498                EXTI4_Handler
                0x08000498                DMA1_Channel1_Handler
                0x08000498                svcall_handler
                0x08000498                I2C1_ER_Handler
                0x08000498                RTC_Handler
                0x08000498                TIM1_CC_Handler
                0x08000498                I2C2_ER_Handler
                0x08000498                usage_fault_handler
                0x08000498                USB_HP_CAN_TX_Handler
                0x08000498                default_handler
                0x08000498                CAN_RX1_Handler
                0x08000498                TIM1_BRK_Handler
                0x08000498                EXTI1_Handler
                0x08000498                EXTI3_Handler
                0x08000498                USB_LP_CAN_RX0_Handler
                0x08000498                EXTI2_Handler
                0x08000498                EXTI9_5_Handler
                0x08000498                TIM2_Handler
                0x08000498                hard_fault_handler
                0x08000498                DMA1_Channel4_Handler
                0x08000498                TIM3_Handler
                0x08000498                CAN_SCE_Handler
                0x08000498                DMA1_Channel3_Handler
                0x08000498                TIM4_Handler
                0x08000498                debug_monitor_handler
                0x08000498                SPI2_Handler
                0x08000498                DMA1_Channel2_Handler
                0x08000498                pendsv_handler
                0x08000498                EXTI0_Handler
                0x08000498                mem_manage_handler
                0x08000498                DMA1_Channel5_Handler
                0x08000498                USART2_Handler
                0x08000498                SPI1_Handler
                0x08000498                I2C2_EV_Handler
                0x08000498                RCC_Handler
                0x08000498                PVD_Handler
                0x08000498                nmi_handler
                0x08000498                RTCAlarm_Handler
                0x08000498                bus_fault_handler
                0x08000498                TAMPER_Handler
                0x0800049e                reset_handler
 .text          0x08000524      0x200 Build/Objects/AHT20.o
                0x08000524                AHT20_SendInitializeCommand
                0x0800056c                AHT20_SendTriggerMeasurementCommand
                0x080005b4                AHT20_Init
                0x08000610                AHT20_Reset
                0x08000642                AHT20_GetSensorSignal
                0x0800069e                AHT20_GetSensorData
 .text          0x08000724      0x164 Build/Objects/DHT11.o
                0x08000724                DHT11_SendStartSignal
                0x0800079e                DHT11_GetSignal
                0x0800082a                DHT11_GetValue
 .text          0x08000888      0x28c Build/Objects/MAX7219.o
                0x08000888                MAX7219_SendData
                0x080008cc                MAX7219_PowerOn
                0x080008dc                MAX7219_SetIntensity
                0x080008f8                MAX7219_SetScanLimit
                0x08000914                MAX7219_Clean
                0x08000948                MAX7219_SetDecodeMode
                0x08000964                MAX7219_Init
                0x0800099e                MAX7219_EmptyAllDigits
                0x080009cc                MAX7219_PrintString
                0x08000a1c                MAX7219_PrintInt
 .text          0x08000b14      0x1ac Build/Objects/ARM_System.o
                0x08000ba0                ARM_ClockInit
                0x08000c34                systick_handler
                0x08000c50                ARM_SystickInit
                0x08000c9c                ARM_SystemInit
                0x08000cac                ARM_GetTick
 .text          0x08000cc0       0xb0 Build/Objects/Delay.o
                0x08000cc0                TIM2_Config
                0x08000d10                delay_us
                0x08000d3e                delay_ms
 .text          0x08000d70      0x288 Build/Objects/DMA.o
                0x08000d70                DMA_EnableClock
                0x08000dac                DMA_SetPeripheralAddress
                0x08000dc6                DMA_SetMemoryAddress
                0x08000de0                DMA_SetNumberOfData
                0x08000e08                DMA_SetChannelPriority
                0x08000e38                DMA_SetDirection
                0x08000e68                DMA_SetCircularMode
                0x08000e98                DMA_SetIncrementedMode
                0x08000eee                DMA_SetMemorySize
                0x08000f1e                DMA_SetPeripheralSize
                0x08000f4e                DMA_Init
                0x08000fa4                DMA_SetTransactionInfo
                0x08000fda                DMA_Enable
 .text          0x08000ff8      0xa04 Build/Objects/GPIO.o
                0x08000ff8                GPIO_EnableClock
                0x08001024                GPIO_Init
                0x08001600                GPIO_Set
                0x080016a4                GPIO_Reset
                0x08001750                GPIO_Toggle
                0x08001874                GPIO_PullUpDown
                0x0800197c                GPIO_ReadPin
 .text          0x080019fc      0x67c Build/Objects/I2C.o
                0x080019fc                I2C_EnableClock
                0x08001a44                I2C_IOConfig
                0x08001afc                I2C_Enable
                0x08001b1a                I2C_GenerateStartCondition
                0x08001b7c                I2C_GenerateStopCondition
                0x08001b9a                I2C_SetClockFrequency
                0x08001bd4                I2C_MasterModeSelect
                0x08001c04                I2C_SetCCRValue
                0x08001c2e                I2C_SetTRISEValue
                0x08001c4a                I2C_ClockConfig
                0x08001c7a                I2C_EnableAcknowledge
                0x08001caa                I2C_Init
                0x08001ce6                I2C_TransmitSlaveAddress
                0x08001db0                I2C_TransmitData
                0x08001e7c                I2C_ReadData
 .text          0x08002078       0xc4 Build/Objects/IWDG.o
                0x08002078                IWDG_SetPrescaler
                0x080020b4                IWDG_SetReloadValue
                0x080020dc                IWDG_Start
                0x080020f4                IWDG_Reset
                0x0800210c                IWDG_Init
 .text          0x0800213c      0x3c4 Build/Objects/SPI.o
                0x0800213c                SPI_EnableClock
                0x08002184                SPI_SetClockPhase
                0x080021b2                SPI_SetClockPolarity
                0x080021e2                SPI_SetMasterSlave
                0x08002212                SPI_SetSourceClock
                0x08002258                SPI_Enable
                0x08002276                SPI_Disable
                0x080022b0                SPI_SoftwareSlaveSelect_Enable
                0x080022e6                SPI_SetFrameFormat
                0x08002316                SPI_Init
                0x08002364                SPI_SetTransmitOnlyMode
                0x0800238c                SPI_IO_Init
                0x0800241c                SPI_Transmit
                0x0800249c                SPI_Transmit_DMA
 .text          0x08002500      0x800 Build/Objects/Timer.o
                0x08002500                TIM_EnableTimerClock
                0x08002578                TIM_SetSlaveMode
                0x080025a6                TIM_SetPolarity
                0x0800264e                TIM_SetChannelDirection
                0x080026f2                TIM_SetInputCaptureFilter
                0x0800279a                TIM_EnableCounter
                0x080027b8                TIM_EnableCaptureInput
                0x08002824                TIM_PWM_IO_Config
                0x080029b8                TIM_PWM_Init
                0x08002aa6                TIM_EnableCCOutput
                0x08002b0a                TIM_PWM_Mode
                0x08002bb2                TIM_EnableUpdateGeneration
                0x08002bd0                TIM_PWM_Start
                0x08002bfa                TIM_SetPrescaler
                0x08002c1a                TIM_SetARRReg
                0x08002c36                TIM_SetCCRxReg
                0x08002c8e                TIM_Encoder_Init
                0x08002cda                TIM_EncoderStart
 .text          0x08002d00      0x400 Build/Objects/USART.o
                0x08002d00                USART_EnableClock
                0x08002d64                USART_EnablePeripheral
                0x08002d82                USART_ConfigStopBits
                0x08002db2                USART_ConfigWordLength
                0x08002de2                USART_ConfigBaudrate
                0x08002eb0                USART_TransmitterEnable
                0x08002ece                USART_TransmitterDisable
                0x08002eec                USART_IOInit
                0x08002f1c                USART_ReceiverEnable
                0x08002f3a                USART_Init
                0x08002f8c                USART_TransmitData
                0x08002ff2                USART_ReceiveData
                0x08003070                USART_ReceiveData_DMA
 *(.rodata)
 .rodata        0x08003100        0x7 Build/Objects/AHT20.o
                0x08003108                . = ALIGN (0x4)
 *fill*         0x08003107        0x1 
                0x08003108                _etext = .

.glue_7         0x08003108        0x0
 .glue_7        0x08003108        0x0 linker stubs

.glue_7t        0x08003108        0x0
 .glue_7t       0x08003108        0x0 linker stubs

.vfp11_veneer   0x08003108        0x0
 .vfp11_veneer  0x08003108        0x0 linker stubs

.v4_bx          0x08003108        0x0
 .v4_bx         0x08003108        0x0 linker stubs

.iplt           0x08003108        0x0
 .iplt          0x08003108        0x0 Build/Objects/main.o

.rel.dyn        0x08003108        0x0
 .rel.iplt      0x08003108        0x0 Build/Objects/main.o

.data           0x20000000       0x10 load address 0x08003108
                0x20000000                . = ALIGN (0x4)
                0x20000000                _sdata = .
 *(.data)
 .data          0x20000000        0x1 Build/Objects/main.o
                0x20000000                rx_data
 .data          0x20000001        0x0 Build/Objects/startup.o
 .data          0x20000001        0x0 Build/Objects/AHT20.o
 .data          0x20000001        0x0 Build/Objects/DHT11.o
 *fill*         0x20000001        0x3 
 .data          0x20000004        0xa Build/Objects/MAX7219.o
                0x20000004                DigitCodes
 .data          0x2000000e        0x0 Build/Objects/ARM_System.o
 .data          0x2000000e        0x0 Build/Objects/Delay.o
 .data          0x2000000e        0x0 Build/Objects/DMA.o
 .data          0x2000000e        0x0 Build/Objects/GPIO.o
 .data          0x2000000e        0x0 Build/Objects/I2C.o
 .data          0x2000000e        0x0 Build/Objects/IWDG.o
 .data          0x2000000e        0x0 Build/Objects/SPI.o
 .data          0x2000000e        0x0 Build/Objects/Timer.o
 .data          0x2000000e        0x1 Build/Objects/USART.o
                0x20000010                . = ALIGN (0x4)
 *fill*         0x2000000f        0x1 
                0x20000010                _edata = .

.igot.plt       0x20000010        0x0 load address 0x08003118
 .igot.plt      0x20000010        0x0 Build/Objects/main.o

.bss            0x20000010       0x2c load address 0x08003118
                0x20000010                . = ALIGN (0x4)
                0x20000010                _sbss = .
 *(.bss)
 .bss           0x20000010       0x22 Build/Objects/main.o
                0x20000010                counterVal
                0x20000014                position
                0x20000016                old_position
                0x20000018                encoderPPS
                0x2000001a                currentFanRPM
                0x2000001c                ms_count
                0x20000020                AHT20_data
                0x20000026                Humidity
                0x20000027                Temperature
                0x20000028                UART_ReceiveData
 .bss           0x20000032        0x0 Build/Objects/startup.o
 .bss           0x20000032        0x0 Build/Objects/AHT20.o
 .bss           0x20000032        0x0 Build/Objects/DHT11.o
 .bss           0x20000032        0x0 Build/Objects/MAX7219.o
 *fill*         0x20000032        0x2 
 .bss           0x20000034        0x4 Build/Objects/ARM_System.o
                0x20000034                ticks
 .bss           0x20000038        0x0 Build/Objects/Delay.o
 .bss           0x20000038        0x0 Build/Objects/DMA.o
 .bss           0x20000038        0x0 Build/Objects/GPIO.o
 .bss           0x20000038        0x0 Build/Objects/I2C.o
 .bss           0x20000038        0x0 Build/Objects/IWDG.o
 .bss           0x20000038        0x0 Build/Objects/SPI.o
 .bss           0x20000038        0x0 Build/Objects/Timer.o
 .bss           0x20000038        0x1 Build/Objects/USART.o
                0x2000003c                . = ALIGN (0x4)
 *fill*         0x20000039        0x3 
                0x2000003c                _ebss = .
OUTPUT(Build/Output/out.elf elf32-littlearm)
LOAD linker stubs

.debug_info     0x00000000     0x44ed
 .debug_info    0x00000000      0xbf1 Build/Objects/main.o
 .debug_info    0x00000bf1      0x1ac Build/Objects/startup.o
 .debug_info    0x00000d9d      0x39c Build/Objects/AHT20.o
 .debug_info    0x00001139      0x1f9 Build/Objects/DHT11.o
 .debug_info    0x00001332      0x390 Build/Objects/MAX7219.o
 .debug_info    0x000016c2      0x74b Build/Objects/ARM_System.o
 .debug_info    0x00001e0d      0x2f5 Build/Objects/Delay.o
 .debug_info    0x00002102      0x4e3 Build/Objects/DMA.o
 .debug_info    0x000025e5      0x4a0 Build/Objects/GPIO.o
 .debug_info    0x00002a85      0x793 Build/Objects/I2C.o
 .debug_info    0x00003218      0x1a7 Build/Objects/IWDG.o
 .debug_info    0x000033bf      0x4fb Build/Objects/SPI.o
 .debug_info    0x000038ba      0x6b1 Build/Objects/Timer.o
 .debug_info    0x00003f6b      0x582 Build/Objects/USART.o

.debug_abbrev   0x00000000     0x114b
 .debug_abbrev  0x00000000      0x228 Build/Objects/main.o
 .debug_abbrev  0x00000228       0xe6 Build/Objects/startup.o
 .debug_abbrev  0x0000030e      0x113 Build/Objects/AHT20.o
 .debug_abbrev  0x00000421       0xe6 Build/Objects/DHT11.o
 .debug_abbrev  0x00000507      0x143 Build/Objects/MAX7219.o
 .debug_abbrev  0x0000064a      0x19e Build/Objects/ARM_System.o
 .debug_abbrev  0x000007e8       0xe1 Build/Objects/Delay.o
 .debug_abbrev  0x000008c9      0x135 Build/Objects/DMA.o
 .debug_abbrev  0x000009fe      0x172 Build/Objects/GPIO.o
 .debug_abbrev  0x00000b70      0x19d Build/Objects/I2C.o
 .debug_abbrev  0x00000d0d       0xec Build/Objects/IWDG.o
 .debug_abbrev  0x00000df9      0x117 Build/Objects/SPI.o
 .debug_abbrev  0x00000f10      0x135 Build/Objects/Timer.o
 .debug_abbrev  0x00001045      0x106 Build/Objects/USART.o

.debug_aranges  0x00000000      0x1c0
 .debug_aranges
                0x00000000       0x20 Build/Objects/main.o
 .debug_aranges
                0x00000020       0x20 Build/Objects/startup.o
 .debug_aranges
                0x00000040       0x20 Build/Objects/AHT20.o
 .debug_aranges
                0x00000060       0x20 Build/Objects/DHT11.o
 .debug_aranges
                0x00000080       0x20 Build/Objects/MAX7219.o
 .debug_aranges
                0x000000a0       0x20 Build/Objects/ARM_System.o
 .debug_aranges
                0x000000c0       0x20 Build/Objects/Delay.o
 .debug_aranges
                0x000000e0       0x20 Build/Objects/DMA.o
 .debug_aranges
                0x00000100       0x20 Build/Objects/GPIO.o
 .debug_aranges
                0x00000120       0x20 Build/Objects/I2C.o
 .debug_aranges
                0x00000140       0x20 Build/Objects/IWDG.o
 .debug_aranges
                0x00000160       0x20 Build/Objects/SPI.o
 .debug_aranges
                0x00000180       0x20 Build/Objects/Timer.o
 .debug_aranges
                0x000001a0       0x20 Build/Objects/USART.o

.debug_line     0x00000000     0x2a84
 .debug_line    0x00000000      0x312 Build/Objects/main.o
 .debug_line    0x00000312      0x195 Build/Objects/startup.o
 .debug_line    0x000004a7      0x292 Build/Objects/AHT20.o
 .debug_line    0x00000739      0x203 Build/Objects/DHT11.o
 .debug_line    0x0000093c      0x23e Build/Objects/MAX7219.o
 .debug_line    0x00000b7a      0x271 Build/Objects/ARM_System.o
 .debug_line    0x00000deb      0x1cd Build/Objects/Delay.o
 .debug_line    0x00000fb8      0x237 Build/Objects/DMA.o
 .debug_line    0x000011ef      0x695 Build/Objects/GPIO.o
 .debug_line    0x00001884      0x5fc Build/Objects/I2C.o
 .debug_line    0x00001e80      0x1b9 Build/Objects/IWDG.o
 .debug_line    0x00002039      0x2fa Build/Objects/SPI.o
 .debug_line    0x00002333      0x439 Build/Objects/Timer.o
 .debug_line    0x0000276c      0x318 Build/Objects/USART.o

.debug_str      0x00000000     0x14ad
 .debug_str     0x00000000      0x72f Build/Objects/main.o
                                0x7d2 (size before relaxing)
 .debug_str     0x0000072f       0x83 Build/Objects/startup.o
                                0x1d4 (size before relaxing)
 .debug_str     0x000007b2      0x149 Build/Objects/AHT20.o
                                0x324 (size before relaxing)
 .debug_str     0x000008fb       0xad Build/Objects/DHT11.o
                                0x203 (size before relaxing)
 .debug_str     0x000009a8      0x138 Build/Objects/MAX7219.o
                                0x2f3 (size before relaxing)
 .debug_str     0x00000ae0       0x8d Build/Objects/ARM_System.o
                                0x621 (size before relaxing)
 .debug_str     0x00000b6d       0x4a Build/Objects/Delay.o
                                0x221 (size before relaxing)
 .debug_str     0x00000bb7      0x16f Build/Objects/DMA.o
                                0x3a9 (size before relaxing)
 .debug_str     0x00000d26       0xc7 Build/Objects/GPIO.o
                                0x280 (size before relaxing)
 .debug_str     0x00000ded      0x1db Build/Objects/I2C.o
                                0x44d (size before relaxing)
 .debug_str     0x00000fc8       0x7d Build/Objects/IWDG.o
                                0x1ee (size before relaxing)
 .debug_str     0x00001045      0x127 Build/Objects/SPI.o
                                0x344 (size before relaxing)
 .debug_str     0x0000116c      0x1c4 Build/Objects/Timer.o
                                0x3cd (size before relaxing)
 .debug_str     0x00001330      0x17d Build/Objects/USART.o
                                0x3a7 (size before relaxing)

.comment        0x00000000       0x49
 .comment       0x00000000       0x49 Build/Objects/main.o
                                 0x4a (size before relaxing)
 .comment       0x00000049       0x4a Build/Objects/startup.o
 .comment       0x00000049       0x4a Build/Objects/AHT20.o
 .comment       0x00000049       0x4a Build/Objects/DHT11.o
 .comment       0x00000049       0x4a Build/Objects/MAX7219.o
 .comment       0x00000049       0x4a Build/Objects/ARM_System.o
 .comment       0x00000049       0x4a Build/Objects/Delay.o
 .comment       0x00000049       0x4a Build/Objects/DMA.o
 .comment       0x00000049       0x4a Build/Objects/GPIO.o
 .comment       0x00000049       0x4a Build/Objects/I2C.o
 .comment       0x00000049       0x4a Build/Objects/IWDG.o
 .comment       0x00000049       0x4a Build/Objects/SPI.o
 .comment       0x00000049       0x4a Build/Objects/Timer.o
 .comment       0x00000049       0x4a Build/Objects/USART.o

.ARM.attributes
                0x00000000       0x2d
 .ARM.attributes
                0x00000000       0x2d Build/Objects/main.o
 .ARM.attributes
                0x0000002d       0x2d Build/Objects/startup.o
 .ARM.attributes
                0x0000005a       0x2d Build/Objects/AHT20.o
 .ARM.attributes
                0x00000087       0x2d Build/Objects/DHT11.o
 .ARM.attributes
                0x000000b4       0x2d Build/Objects/MAX7219.o
 .ARM.attributes
                0x000000e1       0x2d Build/Objects/ARM_System.o
 .ARM.attributes
                0x0000010e       0x2d Build/Objects/Delay.o
 .ARM.attributes
                0x0000013b       0x2d Build/Objects/DMA.o
 .ARM.attributes
                0x00000168       0x2d Build/Objects/GPIO.o
 .ARM.attributes
                0x00000195       0x2d Build/Objects/I2C.o
 .ARM.attributes
                0x000001c2       0x2d Build/Objects/IWDG.o
 .ARM.attributes
                0x000001ef       0x2d Build/Objects/SPI.o
 .ARM.attributes
                0x0000021c       0x2d Build/Objects/Timer.o
 .ARM.attributes
                0x00000249       0x2d Build/Objects/USART.o

.debug_frame    0x00000000     0x1350
 .debug_frame   0x00000000      0x174 Build/Objects/main.o
 .debug_frame   0x00000174       0x4c Build/Objects/startup.o
 .debug_frame   0x000001c0       0xe8 Build/Objects/AHT20.o
 .debug_frame   0x000002a8       0x7c Build/Objects/DHT11.o
 .debug_frame   0x00000324      0x17c Build/Objects/MAX7219.o
 .debug_frame   0x000004a0       0xf8 Build/Objects/ARM_System.o
 .debug_frame   0x00000598       0x78 Build/Objects/Delay.o
 .debug_frame   0x00000610      0x210 Build/Objects/DMA.o
 .debug_frame   0x00000820      0x128 Build/Objects/GPIO.o
 .debug_frame   0x00000948      0x24c Build/Objects/I2C.o
 .debug_frame   0x00000b94       0xc4 Build/Objects/IWDG.o
 .debug_frame   0x00000c58      0x228 Build/Objects/SPI.o
 .debug_frame   0x00000e80      0x2cc Build/Objects/Timer.o
 .debug_frame   0x0000114c      0x204 Build/Objects/USART.o

.debug_ranges   0x00000000      0x138
 .debug_ranges  0x00000000      0x138 Build/Objects/GPIO.o
