Archive member included to satisfy reference by file (symbol)

c:/program files (x86)/gnuarmembeddedtoolchain/10_2021.10/bin/../lib/gcc/arm-none-eabi/10.3.1/../../../../arm-none-eabi/lib/thumb/v7-m/nofp\libg.a(lib_a-strlen-stub.o)
                              Build/Objects/main.o (strlen)

Memory Configuration

Name             Origin             Length             Attributes
FLASH            0x08000000         0x00010000         xr
SRAM             0x20000000         0x00005000         xrw
*default*        0x00000000         0xffffffff

Linker script and memory map

LOAD c:/program files (x86)/gnuarmembeddedtoolchain/10_2021.10/bin/../lib/gcc/arm-none-eabi/10.3.1/../../../../arm-none-eabi/lib/thumb/v7-m/nofp\libc.a
LOAD Build/Objects/main.o
LOAD Build/Objects/startup.o
LOAD Build/Objects/AHT20.o
LOAD Build/Objects/DHT11.o
LOAD Build/Objects/MAX7219.o
LOAD Build/Objects/Delay.o
LOAD Build/Objects/DMA.o
LOAD Build/Objects/gp_drive.o
LOAD Build/Objects/GPIO.o
LOAD Build/Objects/I2C.o
LOAD Build/Objects/I2C_Driver.o
LOAD Build/Objects/IWDG.o
LOAD Build/Objects/SPI.o
LOAD Build/Objects/Systick_Timer.o
LOAD Build/Objects/Timer.o
LOAD Build/Objects/UART_Driver.o
LOAD Build/Objects/USART.o
START GROUP
LOAD c:/program files (x86)/gnuarmembeddedtoolchain/10_2021.10/bin/../lib/gcc/arm-none-eabi/10.3.1/thumb/v7-m/nofp\libgcc.a
LOAD c:/program files (x86)/gnuarmembeddedtoolchain/10_2021.10/bin/../lib/gcc/arm-none-eabi/10.3.1/../../../../arm-none-eabi/lib/thumb/v7-m/nofp\libg.a
LOAD c:/program files (x86)/gnuarmembeddedtoolchain/10_2021.10/bin/../lib/gcc/arm-none-eabi/10.3.1/../../../../arm-none-eabi/lib/thumb/v7-m/nofp\libc.a
END GROUP
START GROUP
LOAD c:/program files (x86)/gnuarmembeddedtoolchain/10_2021.10/bin/../lib/gcc/arm-none-eabi/10.3.1/thumb/v7-m/nofp\libgcc.a
LOAD c:/program files (x86)/gnuarmembeddedtoolchain/10_2021.10/bin/../lib/gcc/arm-none-eabi/10.3.1/../../../../arm-none-eabi/lib/thumb/v7-m/nofp\libc.a
LOAD c:/program files (x86)/gnuarmembeddedtoolchain/10_2021.10/bin/../lib/gcc/arm-none-eabi/10.3.1/../../../../arm-none-eabi/lib/thumb/v7-m/nofp\libnosys.a
END GROUP

.isr_vector     0x08000000       0xec
 *(.isr_vector)
 .isr_vector    0x08000000       0xec Build/Objects/startup.o
                0x08000000                isr_vector

.text           0x080000ec     0x30a0
                0x080000ec                . = ALIGN (0x4)
 *(.text)
 .text          0x080000ec      0x348 Build/Objects/main.o
                0x08000178                TIM1_UP_Handler
                0x0800021c                TIM1_Config
                0x08000264                ClockInit
                0x080002f8                ToggleLED
                0x08000308                GetCounterValue
                0x08000320                Set_DutyCycle
                0x08000344                main
 .text          0x08000434       0x84 Build/Objects/startup.o
                0x08000434                FLASH_Handler
                0x08000434                TIM1_TRG_COM_Handler
                0x08000434                USART3_Handler
                0x08000434                DMA1_Channel7_Handler
                0x08000434                DMA1_Channel6_Handler
                0x08000434                EXTI15_10_Handler
                0x08000434                USBWakeup_Handler
                0x08000434                I2C1_EV_Handler
                0x08000434                ADC1_2_Handler
                0x08000434                WWDG_Handler
                0x08000434                EXTI4_Handler
                0x08000434                DMA1_Channel1_Handler
                0x08000434                svcall_handler
                0x08000434                systick_handler
                0x08000434                I2C1_ER_Handler
                0x08000434                RTC_Handler
                0x08000434                TIM1_CC_Handler
                0x08000434                I2C2_ER_Handler
                0x08000434                usage_fault_handler
                0x08000434                USB_HP_CAN_TX_Handler
                0x08000434                default_handler
                0x08000434                CAN_RX1_Handler
                0x08000434                TIM1_BRK_Handler
                0x08000434                EXTI1_Handler
                0x08000434                EXTI3_Handler
                0x08000434                USB_LP_CAN_RX0_Handler
                0x08000434                EXTI2_Handler
                0x08000434                EXTI9_5_Handler
                0x08000434                TIM2_Handler
                0x08000434                USART1_Handler
                0x08000434                hard_fault_handler
                0x08000434                DMA1_Channel4_Handler
                0x08000434                TIM3_Handler
                0x08000434                CAN_SCE_Handler
                0x08000434                DMA1_Channel3_Handler
                0x08000434                TIM4_Handler
                0x08000434                debug_monitor_handler
                0x08000434                SPI2_Handler
                0x08000434                DMA1_Channel2_Handler
                0x08000434                pendsv_handler
                0x08000434                EXTI0_Handler
                0x08000434                mem_manage_handler
                0x08000434                DMA1_Channel5_Handler
                0x08000434                USART2_Handler
                0x08000434                SPI1_Handler
                0x08000434                I2C2_EV_Handler
                0x08000434                RCC_Handler
                0x08000434                PVD_Handler
                0x08000434                nmi_handler
                0x08000434                RTCAlarm_Handler
                0x08000434                bus_fault_handler
                0x08000434                TAMPER_Handler
                0x0800043a                reset_handler
 .text          0x080004b8      0x1b0 Build/Objects/AHT20.o
                0x080004b8                AHT20_SendInitializeCommand
                0x080004fc                AHT20_SendTriggerMeasurementCommand
                0x08000540                AHT20_Init
                0x08000580                AHT20_Reset
                0x080005a2                AHT20_GetSensorSignal
                0x080005e0                AHT20_GetSensorData
 .text          0x08000668      0x164 Build/Objects/DHT11.o
                0x08000668                DHT11_SendStartSignal
                0x080006e2                DHT11_GetSignal
                0x0800076e                DHT11_GetValue
 .text          0x080007cc      0x28c Build/Objects/MAX7219.o
                0x080007cc                MAX7219_SendData
                0x08000810                MAX7219_PowerOn
                0x08000820                MAX7219_SetIntensity
                0x0800083c                MAX7219_SetScanLimit
                0x08000858                MAX7219_Clean
                0x0800088c                MAX7219_SetDecodeMode
                0x080008a8                MAX7219_Init
                0x080008e2                MAX7219_EmptyAllDigits
                0x08000910                MAX7219_PrintString
                0x08000960                MAX7219_PrintInt
 .text          0x08000a58       0xb0 Build/Objects/Delay.o
                0x08000a58                TIM2_Config
                0x08000aa8                delay_us
                0x08000ad6                delay_ms
 .text          0x08000b08      0x28c Build/Objects/DMA.o
                0x08000b08                DMA_EnableClock
                0x08000b44                DMA_SetPeripheralAddress
                0x08000b5e                DMA_SetMemoryAddress
                0x08000b78                DMA_SetNumberOfData
                0x08000ba0                DMA_SetChannelPriority
                0x08000bd0                DMA_SetDirection
                0x08000c00                DMA_SetCircularMode
                0x08000c30                DMA_SetIncrementedMode
                0x08000c86                DMA_SetMemorySize
                0x08000cb6                DMA_SetPeripheralSize
                0x08000ce6                DMA_Init
                0x08000d40                DMA_SetTransactionInfo
                0x08000d76                DMA_Enable
 .text          0x08000d94      0x228 Build/Objects/gp_drive.o
                0x08000d94                init_GP
                0x08000e74                R_GP
                0x08000eea                W_GP
                0x08000f78                toggle_GP
 .text          0x08000fbc      0xa04 Build/Objects/GPIO.o
                0x08000fbc                GPIO_EnableClock
                0x08000fe8                GPIO_Init
                0x080015c4                GPIO_Set
                0x08001668                GPIO_Reset
                0x08001714                GPIO_Toggle
                0x08001838                GPIO_PullUpDown
                0x08001940                GPIO_ReadPin
 .text          0x080019c0      0x63c Build/Objects/I2C.o
                0x080019c0                I2C_EnableClock
                0x08001a08                I2C_IOConfig
                0x08001ac0                I2C_Enable
                0x08001ade                I2C_GenerateStartCondition
                0x08001b3e                I2C_GenerateStopCondition
                0x08001b5c                I2C_SetClockFrequency
                0x08001b96                I2C_MasterModeSelect
                0x08001bc6                I2C_SetCCRValue
                0x08001bf0                I2C_SetTRISEValue
                0x08001c0c                I2C_ClockConfig
                0x08001c3c                I2C_EnableAcknowledge
                0x08001c6c                I2C_Init
                0x08001ca8                I2C_TransmitSlaveAddress
                0x08001d56                I2C_TransmitData
                0x08001e20                I2C_ReadData
 .text          0x08001ffc        0x0 Build/Objects/I2C_Driver.o
 .text          0x08001ffc       0xc4 Build/Objects/IWDG.o
                0x08001ffc                IWDG_SetPrescaler
                0x08002038                IWDG_SetReloadValue
                0x08002060                IWDG_Start
                0x08002078                IWDG_Reset
                0x08002090                IWDG_Init
 .text          0x080020c0      0x3c4 Build/Objects/SPI.o
                0x080020c0                SPI_EnableClock
                0x08002108                SPI_SetClockPhase
                0x08002136                SPI_SetClockPolarity
                0x08002166                SPI_SetMasterSlave
                0x08002196                SPI_SetSourceClock
                0x080021dc                SPI_Enable
                0x080021fa                SPI_Disable
                0x08002234                SPI_SoftwareSlaveSelect_Enable
                0x0800226a                SPI_SetFrameFormat
                0x0800229a                SPI_Init
                0x080022e8                SPI_SetTransmitOnlyMode
                0x08002310                SPI_IO_Init
                0x080023a0                SPI_Transmit
                0x08002420                SPI_Transmit_DMA
 .text          0x08002484       0x80 Build/Objects/Systick_Timer.o
                0x08002484                systick_init
                0x080024b0                DelayMillis
                0x080024e0                DelayMs
 .text          0x08002504      0x800 Build/Objects/Timer.o
                0x08002504                TIM_EnableTimerClock
                0x0800257c                TIM_SetSlaveMode
                0x080025aa                TIM_SetPolarity
                0x08002652                TIM_SetChannelDirection
                0x080026f6                TIM_SetInputCaptureFilter
                0x0800279e                TIM_EnableCounter
                0x080027bc                TIM_EnableCaptureInput
                0x08002828                TIM_PWM_IO_Config
                0x080029bc                TIM_PWM_Init
                0x08002aaa                TIM_EnableCCOutput
                0x08002b0e                TIM_PWM_Mode
                0x08002bb6                TIM_EnableUpdateGeneration
                0x08002bd4                TIM_PWM_Start
                0x08002bfe                TIM_SetPrescaler
                0x08002c1e                TIM_SetARRReg
                0x08002c3a                TIM_SetCCRxReg
                0x08002c92                TIM_Encoder_Init
                0x08002cde                TIM_EncoderStart
 .text          0x08002d04      0x18c Build/Objects/UART_Driver.o
                0x08002d04                UART_init
                0x08002da8                USART2_ReceiveChar
                0x08002dd4                USART2_SendChar
                0x08002e10                UART_SendString
                0x08002e48                USART2_ReceiveString
 .text          0x08002e90      0x2ec Build/Objects/USART.o
                0x08002e90                USART_EnableClock
                0x08002ef4                USART_EnablePeripheral
                0x08002f12                USART_ConfigStopBits
                0x08002f42                USART_ConfigWordLength
                0x08002f72                USART_ConfigBaudrate
                0x08003040                USART_TransmitterEnable
                0x0800305e                USART_TransmitterDisable
                0x0800307c                USART_IOInit
                0x080030ac                USART_Init
                0x080030fe                USART_TransmitData
                0x08003164                USART_ReceiveData_DMA
 .text          0x0800317c        0x0 c:/program files (x86)/gnuarmembeddedtoolchain/10_2021.10/bin/../lib/gcc/arm-none-eabi/10.3.1/../../../../arm-none-eabi/lib/thumb/v7-m/nofp\libg.a(lib_a-strlen-stub.o)
 *(.rodata)
 .rodata        0x0800317c        0x6 Build/Objects/main.o
 *fill*         0x08003182        0x2 
 .rodata        0x08003184        0x7 Build/Objects/AHT20.o
                0x0800318c                . = ALIGN (0x4)
 *fill*         0x0800318b        0x1 
                0x0800318c                _etext = .

.glue_7         0x0800318c        0x0
 .glue_7        0x0800318c        0x0 linker stubs

.glue_7t        0x0800318c        0x0
 .glue_7t       0x0800318c        0x0 linker stubs

.vfp11_veneer   0x0800318c        0x0
 .vfp11_veneer  0x0800318c        0x0 linker stubs

.v4_bx          0x0800318c        0x0
 .v4_bx         0x0800318c        0x0 linker stubs

.iplt           0x0800318c        0x0
 .iplt          0x0800318c        0x0 Build/Objects/main.o

.text.strlen    0x0800318c       0x5c
 .text.strlen   0x0800318c       0x5c c:/program files (x86)/gnuarmembeddedtoolchain/10_2021.10/bin/../lib/gcc/arm-none-eabi/10.3.1/../../../../arm-none-eabi/lib/thumb/v7-m/nofp\libg.a(lib_a-strlen-stub.o)
                0x0800318c                strlen

.rel.dyn        0x080031e8        0x0
 .rel.iplt      0x080031e8        0x0 Build/Objects/main.o

.data           0x20000000       0x10 load address 0x080031e8
                0x20000000                . = ALIGN (0x4)
                0x20000000                _sdata = .
 *(.data)
 .data          0x20000000        0x1 Build/Objects/main.o
                0x20000000                rx_data
 .data          0x20000001        0x0 Build/Objects/startup.o
 .data          0x20000001        0x0 Build/Objects/AHT20.o
 .data          0x20000001        0x0 Build/Objects/DHT11.o
 *fill*         0x20000001        0x3 
 .data          0x20000004        0xa Build/Objects/MAX7219.o
                0x20000004                DigitCodes
 .data          0x2000000e        0x0 Build/Objects/Delay.o
 .data          0x2000000e        0x0 Build/Objects/DMA.o
 .data          0x2000000e        0x0 Build/Objects/gp_drive.o
 .data          0x2000000e        0x0 Build/Objects/GPIO.o
 .data          0x2000000e        0x0 Build/Objects/I2C.o
 .data          0x2000000e        0x0 Build/Objects/I2C_Driver.o
 .data          0x2000000e        0x0 Build/Objects/IWDG.o
 .data          0x2000000e        0x0 Build/Objects/SPI.o
 .data          0x2000000e        0x0 Build/Objects/Systick_Timer.o
 .data          0x2000000e        0x0 Build/Objects/Timer.o
 .data          0x2000000e        0x0 Build/Objects/UART_Driver.o
 .data          0x2000000e        0x0 Build/Objects/USART.o
 .data          0x2000000e        0x0 c:/program files (x86)/gnuarmembeddedtoolchain/10_2021.10/bin/../lib/gcc/arm-none-eabi/10.3.1/../../../../arm-none-eabi/lib/thumb/v7-m/nofp\libg.a(lib_a-strlen-stub.o)
                0x20000010                . = ALIGN (0x4)
 *fill*         0x2000000e        0x2 
                0x20000010                _edata = .

.igot.plt       0x20000010        0x0 load address 0x080031f8
 .igot.plt      0x20000010        0x0 Build/Objects/main.o

.bss            0x20000010       0x18 load address 0x080031f8
                0x20000010                . = ALIGN (0x4)
                0x20000010                _sbss = .
 *(.bss)
 .bss           0x20000010       0x18 Build/Objects/main.o
                0x20000010                counterVal
                0x20000014                position
                0x20000016                old_position
                0x20000018                encoderPPS
                0x2000001a                currentFanRPM
                0x2000001c                ms_count
                0x20000020                AHT20_data
                0x20000026                Humidity
                0x20000027                Temperature
 .bss           0x20000028        0x0 Build/Objects/startup.o
 .bss           0x20000028        0x0 Build/Objects/AHT20.o
 .bss           0x20000028        0x0 Build/Objects/DHT11.o
 .bss           0x20000028        0x0 Build/Objects/MAX7219.o
 .bss           0x20000028        0x0 Build/Objects/Delay.o
 .bss           0x20000028        0x0 Build/Objects/DMA.o
 .bss           0x20000028        0x0 Build/Objects/gp_drive.o
 .bss           0x20000028        0x0 Build/Objects/GPIO.o
 .bss           0x20000028        0x0 Build/Objects/I2C.o
 .bss           0x20000028        0x0 Build/Objects/I2C_Driver.o
 .bss           0x20000028        0x0 Build/Objects/IWDG.o
 .bss           0x20000028        0x0 Build/Objects/SPI.o
 .bss           0x20000028        0x0 Build/Objects/Systick_Timer.o
 .bss           0x20000028        0x0 Build/Objects/Timer.o
 .bss           0x20000028        0x0 Build/Objects/UART_Driver.o
 .bss           0x20000028        0x0 Build/Objects/USART.o
 .bss           0x20000028        0x0 c:/program files (x86)/gnuarmembeddedtoolchain/10_2021.10/bin/../lib/gcc/arm-none-eabi/10.3.1/../../../../arm-none-eabi/lib/thumb/v7-m/nofp\libg.a(lib_a-strlen-stub.o)
                0x20000028                . = ALIGN (0x4)
                0x20000028                _ebss = .
OUTPUT(Build/Output/out.elf elf32-littlearm)
LOAD linker stubs

.debug_info     0x00000000     0x4140
 .debug_info    0x00000000      0xb1a Build/Objects/main.o
 .debug_info    0x00000b1a      0x1a0 Build/Objects/startup.o
 .debug_info    0x00000cba      0x385 Build/Objects/AHT20.o
 .debug_info    0x0000103f      0x1f9 Build/Objects/DHT11.o
 .debug_info    0x00001238      0x390 Build/Objects/MAX7219.o
 .debug_info    0x000015c8      0x2f5 Build/Objects/Delay.o
 .debug_info    0x000018bd      0x4e3 Build/Objects/DMA.o
 .debug_info    0x00001da0      0x1be Build/Objects/gp_drive.o
 .debug_info    0x00001f5e      0x4a0 Build/Objects/GPIO.o
 .debug_info    0x000023fe      0x793 Build/Objects/I2C.o
 .debug_info    0x00002b91      0x1a7 Build/Objects/IWDG.o
 .debug_info    0x00002d38      0x4fb Build/Objects/SPI.o
 .debug_info    0x00003233      0x126 Build/Objects/Systick_Timer.o
 .debug_info    0x00003359      0x6b1 Build/Objects/Timer.o
 .debug_info    0x00003a0a      0x311 Build/Objects/UART_Driver.o
 .debug_info    0x00003d1b      0x425 Build/Objects/USART.o

.debug_abbrev   0x00000000     0x12af
 .debug_abbrev  0x00000000      0x217 Build/Objects/main.o
 .debug_abbrev  0x00000217       0xe6 Build/Objects/startup.o
 .debug_abbrev  0x000002fd      0x12f Build/Objects/AHT20.o
 .debug_abbrev  0x0000042c       0xe6 Build/Objects/DHT11.o
 .debug_abbrev  0x00000512      0x143 Build/Objects/MAX7219.o
 .debug_abbrev  0x00000655       0xe1 Build/Objects/Delay.o
 .debug_abbrev  0x00000736      0x135 Build/Objects/DMA.o
 .debug_abbrev  0x0000086b       0xee Build/Objects/gp_drive.o
 .debug_abbrev  0x00000959      0x172 Build/Objects/GPIO.o
 .debug_abbrev  0x00000acb      0x19d Build/Objects/I2C.o
 .debug_abbrev  0x00000c68       0xec Build/Objects/IWDG.o
 .debug_abbrev  0x00000d54      0x117 Build/Objects/SPI.o
 .debug_abbrev  0x00000e6b       0xce Build/Objects/Systick_Timer.o
 .debug_abbrev  0x00000f39      0x135 Build/Objects/Timer.o
 .debug_abbrev  0x0000106e      0x13b Build/Objects/UART_Driver.o
 .debug_abbrev  0x000011a9      0x106 Build/Objects/USART.o

.debug_aranges  0x00000000      0x200
 .debug_aranges
                0x00000000       0x20 Build/Objects/main.o
 .debug_aranges
                0x00000020       0x20 Build/Objects/startup.o
 .debug_aranges
                0x00000040       0x20 Build/Objects/AHT20.o
 .debug_aranges
                0x00000060       0x20 Build/Objects/DHT11.o
 .debug_aranges
                0x00000080       0x20 Build/Objects/MAX7219.o
 .debug_aranges
                0x000000a0       0x20 Build/Objects/Delay.o
 .debug_aranges
                0x000000c0       0x20 Build/Objects/DMA.o
 .debug_aranges
                0x000000e0       0x20 Build/Objects/gp_drive.o
 .debug_aranges
                0x00000100       0x20 Build/Objects/GPIO.o
 .debug_aranges
                0x00000120       0x20 Build/Objects/I2C.o
 .debug_aranges
                0x00000140       0x20 Build/Objects/IWDG.o
 .debug_aranges
                0x00000160       0x20 Build/Objects/SPI.o
 .debug_aranges
                0x00000180       0x20 Build/Objects/Systick_Timer.o
 .debug_aranges
                0x000001a0       0x20 Build/Objects/Timer.o
 .debug_aranges
                0x000001c0       0x20 Build/Objects/UART_Driver.o
 .debug_aranges
                0x000001e0       0x20 Build/Objects/USART.o

.debug_line     0x00000000     0x241a
 .debug_line    0x00000000      0x277 Build/Objects/main.o
 .debug_line    0x00000277      0x10d Build/Objects/startup.o
 .debug_line    0x00000384      0x1d1 Build/Objects/AHT20.o
 .debug_line    0x00000555      0x181 Build/Objects/DHT11.o
 .debug_line    0x000006d6      0x1bc Build/Objects/MAX7219.o
 .debug_line    0x00000892      0x14b Build/Objects/Delay.o
 .debug_line    0x000009dd      0x1b5 Build/Objects/DMA.o
 .debug_line    0x00000b92      0x14f Build/Objects/gp_drive.o
 .debug_line    0x00000ce1      0x613 Build/Objects/GPIO.o
 .debug_line    0x000012f4      0x4e3 Build/Objects/I2C.o
 .debug_line    0x000017d7        0x0 Build/Objects/I2C_Driver.o
 .debug_line    0x000017d7      0x137 Build/Objects/IWDG.o
 .debug_line    0x0000190e      0x278 Build/Objects/SPI.o
 .debug_line    0x00001b86      0x12b Build/Objects/Systick_Timer.o
 .debug_line    0x00001cb1      0x3b7 Build/Objects/Timer.o
 .debug_line    0x00002068      0x1b2 Build/Objects/UART_Driver.o
 .debug_line    0x0000221a      0x200 Build/Objects/USART.o

.debug_str      0x00000000     0x1500
 .debug_str     0x00000000      0x6a5 Build/Objects/main.o
                                0x73e (size before relaxing)
 .debug_str     0x000006a5       0x7d Build/Objects/startup.o
                                0x1ca (size before relaxing)
 .debug_str     0x00000722      0x16b Build/Objects/AHT20.o
                                0x320 (size before relaxing)
 .debug_str     0x0000088d       0xad Build/Objects/DHT11.o
                                0x1ff (size before relaxing)
 .debug_str     0x0000093a      0x138 Build/Objects/MAX7219.o
                                0x2ef (size before relaxing)
 .debug_str     0x00000a72       0x4a Build/Objects/Delay.o
                                0x21d (size before relaxing)
 .debug_str     0x00000abc      0x1a4 Build/Objects/DMA.o
                                0x3a5 (size before relaxing)
 .debug_str     0x00000c60       0x4c Build/Objects/gp_drive.o
                                0x11a (size before relaxing)
 .debug_str     0x00000cac       0xc7 Build/Objects/GPIO.o
                                0x27c (size before relaxing)
 .debug_str     0x00000d73      0x1de Build/Objects/I2C.o
                                0x44c (size before relaxing)
 .debug_str     0x00000f51       0x21 Build/Objects/I2C_Driver.o
                                 0xc4 (size before relaxing)
 .debug_str     0x00000f72       0x7d Build/Objects/IWDG.o
                                0x1ea (size before relaxing)
 .debug_str     0x00000fef      0x127 Build/Objects/SPI.o
                                0x340 (size before relaxing)
 .debug_str     0x00001116       0x62 Build/Objects/Systick_Timer.o
                                0x19d (size before relaxing)
 .debug_str     0x00001178      0x1c4 Build/Objects/Timer.o
                                0x3c9 (size before relaxing)
 .debug_str     0x0000133c       0x97 Build/Objects/UART_Driver.o
                                0x245 (size before relaxing)
 .debug_str     0x000013d3      0x12d Build/Objects/USART.o
                                0x305 (size before relaxing)

.comment        0x00000000       0x49
 .comment       0x00000000       0x49 Build/Objects/main.o
                                 0x4a (size before relaxing)
 .comment       0x00000049       0x4a Build/Objects/startup.o
 .comment       0x00000049       0x4a Build/Objects/AHT20.o
 .comment       0x00000049       0x4a Build/Objects/DHT11.o
 .comment       0x00000049       0x4a Build/Objects/MAX7219.o
 .comment       0x00000049       0x4a Build/Objects/Delay.o
 .comment       0x00000049       0x4a Build/Objects/DMA.o
 .comment       0x00000049       0x4a Build/Objects/gp_drive.o
 .comment       0x00000049       0x4a Build/Objects/GPIO.o
 .comment       0x00000049       0x4a Build/Objects/I2C.o
 .comment       0x00000049       0x4a Build/Objects/I2C_Driver.o
 .comment       0x00000049       0x4a Build/Objects/IWDG.o
 .comment       0x00000049       0x4a Build/Objects/SPI.o
 .comment       0x00000049       0x4a Build/Objects/Systick_Timer.o
 .comment       0x00000049       0x4a Build/Objects/Timer.o
 .comment       0x00000049       0x4a Build/Objects/UART_Driver.o
 .comment       0x00000049       0x4a Build/Objects/USART.o

.ARM.attributes
                0x00000000       0x2d
 .ARM.attributes
                0x00000000       0x2d Build/Objects/main.o
 .ARM.attributes
                0x0000002d       0x2d Build/Objects/startup.o
 .ARM.attributes
                0x0000005a       0x2d Build/Objects/AHT20.o
 .ARM.attributes
                0x00000087       0x2d Build/Objects/DHT11.o
 .ARM.attributes
                0x000000b4       0x2d Build/Objects/MAX7219.o
 .ARM.attributes
                0x000000e1       0x2d Build/Objects/Delay.o
 .ARM.attributes
                0x0000010e       0x2d Build/Objects/DMA.o
 .ARM.attributes
                0x0000013b       0x2d Build/Objects/gp_drive.o
 .ARM.attributes
                0x00000168       0x2d Build/Objects/GPIO.o
 .ARM.attributes
                0x00000195       0x2d Build/Objects/I2C.o
 .ARM.attributes
                0x000001c2       0x2d Build/Objects/I2C_Driver.o
 .ARM.attributes
                0x000001ef       0x2d Build/Objects/IWDG.o
 .ARM.attributes
                0x0000021c       0x2d Build/Objects/SPI.o
 .ARM.attributes
                0x00000249       0x2d Build/Objects/Systick_Timer.o
 .ARM.attributes
                0x00000276       0x2d Build/Objects/Timer.o
 .ARM.attributes
                0x000002a3       0x2d Build/Objects/UART_Driver.o
 .ARM.attributes
                0x000002d0       0x2d Build/Objects/USART.o
 .ARM.attributes
                0x000002fd       0x2d c:/program files (x86)/gnuarmembeddedtoolchain/10_2021.10/bin/../lib/gcc/arm-none-eabi/10.3.1/../../../../arm-none-eabi/lib/thumb/v7-m/nofp\libg.a(lib_a-strlen-stub.o)

.debug_frame    0x00000000     0x13e4
 .debug_frame   0x00000000      0x13c Build/Objects/main.o
 .debug_frame   0x0000013c       0x4c Build/Objects/startup.o
 .debug_frame   0x00000188       0xe8 Build/Objects/AHT20.o
 .debug_frame   0x00000270       0x7c Build/Objects/DHT11.o
 .debug_frame   0x000002ec      0x17c Build/Objects/MAX7219.o
 .debug_frame   0x00000468       0x78 Build/Objects/Delay.o
 .debug_frame   0x000004e0      0x210 Build/Objects/DMA.o
 .debug_frame   0x000006f0       0xb0 Build/Objects/gp_drive.o
 .debug_frame   0x000007a0      0x128 Build/Objects/GPIO.o
 .debug_frame   0x000008c8      0x24c Build/Objects/I2C.o
 .debug_frame   0x00000b14       0xc4 Build/Objects/IWDG.o
 .debug_frame   0x00000bd8      0x228 Build/Objects/SPI.o
 .debug_frame   0x00000e00       0x74 Build/Objects/Systick_Timer.o
 .debug_frame   0x00000e74      0x2cc Build/Objects/Timer.o
 .debug_frame   0x00001140       0xc8 Build/Objects/UART_Driver.o
 .debug_frame   0x00001208      0x1bc Build/Objects/USART.o
 .debug_frame   0x000013c4       0x20 c:/program files (x86)/gnuarmembeddedtoolchain/10_2021.10/bin/../lib/gcc/arm-none-eabi/10.3.1/../../../../arm-none-eabi/lib/thumb/v7-m/nofp\libg.a(lib_a-strlen-stub.o)

.debug_ranges   0x00000000      0x138
 .debug_ranges  0x00000000      0x138 Build/Objects/GPIO.o
