
Memory Configuration

Name             Origin             Length             Attributes
FLASH            0x08000000         0x00010000         xr
SRAM             0x20000000         0x00005000         xrw
*default*        0x00000000         0xffffffff

Linker script and memory map

LOAD C:/Quan/Learning/Embedded/STM32_Low_Level/Getting_Started/Build/Objects/main.o
LOAD C:/Quan/Learning/Embedded/STM32_Low_Level/Getting_Started/Build/Objects/startup.o
LOAD C:/Quan/Learning/Embedded/STM32_Low_Level/Getting_Started/Build/Objects/system_stm32f1xx.o
LOAD C:/Quan/Learning/Embedded/STM32_Low_Level/Getting_Started/Build/Objects/GPIO.o
LOAD C:/Quan/Learning/Embedded/STM32_Low_Level/Getting_Started/Build/Objects/Delay.o

.isr_vector     0x08000000       0xec
 *(.isr_vector)
 .isr_vector    0x08000000       0xec C:/Quan/Learning/Embedded/STM32_Low_Level/Getting_Started/Build/Objects/startup.o
                0x08000000                isr_vector

.text           0x080000ec      0xc6c
                0x080000ec                . = ALIGN (0x4)
 *(.text)
 .text          0x080000ec      0x160 C:/Quan/Learning/Embedded/STM32_Low_Level/Getting_Started/Build/Objects/main.o
                0x08000184                ClockInit
                0x08000218                main
 .text          0x0800024c       0x84 C:/Quan/Learning/Embedded/STM32_Low_Level/Getting_Started/Build/Objects/startup.o
                0x0800024c                FLASH_Handler
                0x0800024c                TIM1_TRG_COM_Handler
                0x0800024c                USART3_Handler
                0x0800024c                DMA1_Channel7_Handler
                0x0800024c                DMA1_Channel6_Handler
                0x0800024c                EXTI15_10_Handler
                0x0800024c                USBWakeup_Handler
                0x0800024c                I2C1_EV_Handler
                0x0800024c                ADC1_2_Handler
                0x0800024c                WWDG_Handler
                0x0800024c                EXTI4_Handler
                0x0800024c                DMA1_Channel1_Handler
                0x0800024c                svcall_handler
                0x0800024c                systick_handler
                0x0800024c                I2C1_ER_Handler
                0x0800024c                RTC_Handler
                0x0800024c                TIM1_CC_Handler
                0x0800024c                I2C2_ER_Handler
                0x0800024c                usage_fault_handler
                0x0800024c                USB_HP_CAN_TX_Handler
                0x0800024c                default_handler
                0x0800024c                CAN_RX1_Handler
                0x0800024c                TIM1_BRK_Handler
                0x0800024c                EXTI1_Handler
                0x0800024c                EXTI3_Handler
                0x0800024c                USB_LP_CAN_RX0_Handler
                0x0800024c                EXTI2_Handler
                0x0800024c                EXTI9_5_Handler
                0x0800024c                TIM2_Handler
                0x0800024c                USART1_Handler
                0x0800024c                hard_fault_handler
                0x0800024c                DMA1_Channel4_Handler
                0x0800024c                TIM3_Handler
                0x0800024c                CAN_SCE_Handler
                0x0800024c                DMA1_Channel3_Handler
                0x0800024c                TIM4_Handler
                0x0800024c                debug_monitor_handler
                0x0800024c                SPI2_Handler
                0x0800024c                DMA1_Channel2_Handler
                0x0800024c                pendsv_handler
                0x0800024c                EXTI0_Handler
                0x0800024c                TIM1_UP_Handler
                0x0800024c                mem_manage_handler
                0x0800024c                DMA1_Channel5_Handler
                0x0800024c                USART2_Handler
                0x0800024c                SPI1_Handler
                0x0800024c                I2C2_EV_Handler
                0x0800024c                RCC_Handler
                0x0800024c                PVD_Handler
                0x0800024c                nmi_handler
                0x0800024c                RTCAlarm_Handler
                0x0800024c                bus_fault_handler
                0x0800024c                TAMPER_Handler
                0x08000252                reset_handler
 .text          0x080002d0       0xf0 C:/Quan/Learning/Embedded/STM32_Low_Level/Getting_Started/Build/Objects/system_stm32f1xx.o
                0x080002d0                SystemInit
                0x080002dc                SystemCoreClockUpdate
 .text          0x080003c0      0x8d0 C:/Quan/Learning/Embedded/STM32_Low_Level/Getting_Started/Build/Objects/GPIO.o
                0x080003c0                GPIO_EnableClock
                0x080003ec                GPIO_Init
                0x08000894                GPIO_Set
                0x08000938                GPIO_Reset
                0x080009e4                GPIO_Toggle
                0x08000b08                GPIO_PullUpDown
                0x08000c10                GPIO_ReadPin
 .text          0x08000c90       0xb0 C:/Quan/Learning/Embedded/STM32_Low_Level/Getting_Started/Build/Objects/Delay.o
                0x08000c90                TIM2_Config
                0x08000ce0                delay_us
                0x08000d0e                delay_ms
 *(.rodata)
 .rodata        0x08000d40       0x18 C:/Quan/Learning/Embedded/STM32_Low_Level/Getting_Started/Build/Objects/system_stm32f1xx.o
                0x08000d40                AHBPrescTable
                0x08000d50                APBPrescTable
                0x08000d58                . = ALIGN (0x4)
                0x08000d58                _etext = .

.glue_7         0x08000d58        0x0
 .glue_7        0x08000d58        0x0 linker stubs

.glue_7t        0x08000d58        0x0
 .glue_7t       0x08000d58        0x0 linker stubs

.vfp11_veneer   0x08000d58        0x0
 .vfp11_veneer  0x08000d58        0x0 linker stubs

.v4_bx          0x08000d58        0x0
 .v4_bx         0x08000d58        0x0 linker stubs

.iplt           0x08000d58        0x0
 .iplt          0x08000d58        0x0 C:/Quan/Learning/Embedded/STM32_Low_Level/Getting_Started/Build/Objects/main.o

.rel.dyn        0x08000d58        0x0
 .rel.iplt      0x08000d58        0x0 C:/Quan/Learning/Embedded/STM32_Low_Level/Getting_Started/Build/Objects/main.o

.data           0x20000000        0x4 load address 0x08000d58
                0x20000000                . = ALIGN (0x4)
                0x20000000                _sdata = .
 *(.data)
 .data          0x20000000        0x0 C:/Quan/Learning/Embedded/STM32_Low_Level/Getting_Started/Build/Objects/main.o
 .data          0x20000000        0x0 C:/Quan/Learning/Embedded/STM32_Low_Level/Getting_Started/Build/Objects/startup.o
 .data          0x20000000        0x4 C:/Quan/Learning/Embedded/STM32_Low_Level/Getting_Started/Build/Objects/system_stm32f1xx.o
                0x20000000                SystemCoreClock
 .data          0x20000004        0x0 C:/Quan/Learning/Embedded/STM32_Low_Level/Getting_Started/Build/Objects/GPIO.o
 .data          0x20000004        0x0 C:/Quan/Learning/Embedded/STM32_Low_Level/Getting_Started/Build/Objects/Delay.o
                0x20000004                . = ALIGN (0x4)
                0x20000004                _edata = .

.igot.plt       0x20000004        0x0 load address 0x08000d5c
 .igot.plt      0x20000004        0x0 C:/Quan/Learning/Embedded/STM32_Low_Level/Getting_Started/Build/Objects/main.o

.bss            0x20000004        0x0 load address 0x08000d5c
                0x20000004                . = ALIGN (0x4)
                0x20000004                _sbss = .
 *(.bss)
 .bss           0x20000004        0x0 C:/Quan/Learning/Embedded/STM32_Low_Level/Getting_Started/Build/Objects/main.o
 .bss           0x20000004        0x0 C:/Quan/Learning/Embedded/STM32_Low_Level/Getting_Started/Build/Objects/startup.o
 .bss           0x20000004        0x0 C:/Quan/Learning/Embedded/STM32_Low_Level/Getting_Started/Build/Objects/system_stm32f1xx.o
 .bss           0x20000004        0x0 C:/Quan/Learning/Embedded/STM32_Low_Level/Getting_Started/Build/Objects/GPIO.o
 .bss           0x20000004        0x0 C:/Quan/Learning/Embedded/STM32_Low_Level/Getting_Started/Build/Objects/Delay.o
                0x20000004                . = ALIGN (0x4)
                0x20000004                _ebss = .
OUTPUT(C:/Quan/Learning/Embedded/STM32_Low_Level/Getting_Started/Build/Output/out.elf elf32-littlearm)
LOAD linker stubs

.debug_info     0x00000000     0x1287
 .debug_info    0x00000000      0x72a C:/Quan/Learning/Embedded/STM32_Low_Level/Getting_Started/Build/Objects/main.o
 .debug_info    0x0000072a      0x1a0 C:/Quan/Learning/Embedded/STM32_Low_Level/Getting_Started/Build/Objects/startup.o
 .debug_info    0x000008ca      0x232 C:/Quan/Learning/Embedded/STM32_Low_Level/Getting_Started/Build/Objects/system_stm32f1xx.o
 .debug_info    0x00000afc      0x496 C:/Quan/Learning/Embedded/STM32_Low_Level/Getting_Started/Build/Objects/GPIO.o
 .debug_info    0x00000f92      0x2f5 C:/Quan/Learning/Embedded/STM32_Low_Level/Getting_Started/Build/Objects/Delay.o

.debug_abbrev   0x00000000      0x5dd
 .debug_abbrev  0x00000000      0x199 C:/Quan/Learning/Embedded/STM32_Low_Level/Getting_Started/Build/Objects/main.o
 .debug_abbrev  0x00000199       0xe6 C:/Quan/Learning/Embedded/STM32_Low_Level/Getting_Started/Build/Objects/startup.o
 .debug_abbrev  0x0000027f      0x138 C:/Quan/Learning/Embedded/STM32_Low_Level/Getting_Started/Build/Objects/system_stm32f1xx.o
 .debug_abbrev  0x000003b7      0x145 C:/Quan/Learning/Embedded/STM32_Low_Level/Getting_Started/Build/Objects/GPIO.o
 .debug_abbrev  0x000004fc       0xe1 C:/Quan/Learning/Embedded/STM32_Low_Level/Getting_Started/Build/Objects/Delay.o

.debug_aranges  0x00000000       0xa0
 .debug_aranges
                0x00000000       0x20 C:/Quan/Learning/Embedded/STM32_Low_Level/Getting_Started/Build/Objects/main.o
 .debug_aranges
                0x00000020       0x20 C:/Quan/Learning/Embedded/STM32_Low_Level/Getting_Started/Build/Objects/startup.o
 .debug_aranges
                0x00000040       0x20 C:/Quan/Learning/Embedded/STM32_Low_Level/Getting_Started/Build/Objects/system_stm32f1xx.o
 .debug_aranges
                0x00000060       0x20 C:/Quan/Learning/Embedded/STM32_Low_Level/Getting_Started/Build/Objects/GPIO.o
 .debug_aranges
                0x00000080       0x20 C:/Quan/Learning/Embedded/STM32_Low_Level/Getting_Started/Build/Objects/Delay.o

.debug_line     0x00000000      0xec9
 .debug_line    0x00000000      0x2ae C:/Quan/Learning/Embedded/STM32_Low_Level/Getting_Started/Build/Objects/main.o
 .debug_line    0x000002ae      0x1cf C:/Quan/Learning/Embedded/STM32_Low_Level/Getting_Started/Build/Objects/startup.o
 .debug_line    0x0000047d      0x236 C:/Quan/Learning/Embedded/STM32_Low_Level/Getting_Started/Build/Objects/system_stm32f1xx.o
 .debug_line    0x000006b3      0x612 C:/Quan/Learning/Embedded/STM32_Low_Level/Getting_Started/Build/Objects/GPIO.o
 .debug_line    0x00000cc5      0x204 C:/Quan/Learning/Embedded/STM32_Low_Level/Getting_Started/Build/Objects/Delay.o

.debug_str      0x00000000      0x8ff
 .debug_str     0x00000000      0x5b2 C:/Quan/Learning/Embedded/STM32_Low_Level/Getting_Started/Build/Objects/main.o
                                0x609 (size before relaxing)
 .debug_str     0x000005b2       0xb7 C:/Quan/Learning/Embedded/STM32_Low_Level/Getting_Started/Build/Objects/startup.o
                                0x1f8 (size before relaxing)
 .debug_str     0x00000669       0xb0 C:/Quan/Learning/Embedded/STM32_Low_Level/Getting_Started/Build/Objects/system_stm32f1xx.o
                                0x230 (size before relaxing)
 .debug_str     0x00000719      0x119 C:/Quan/Learning/Embedded/STM32_Low_Level/Getting_Started/Build/Objects/GPIO.o
                                0x2a3 (size before relaxing)
 .debug_str     0x00000832       0xcd C:/Quan/Learning/Embedded/STM32_Low_Level/Getting_Started/Build/Objects/Delay.o
                                0x244 (size before relaxing)

.comment        0x00000000       0x49
 .comment       0x00000000       0x49 C:/Quan/Learning/Embedded/STM32_Low_Level/Getting_Started/Build/Objects/main.o
                                 0x4a (size before relaxing)
 .comment       0x00000049       0x4a C:/Quan/Learning/Embedded/STM32_Low_Level/Getting_Started/Build/Objects/startup.o
 .comment       0x00000049       0x4a C:/Quan/Learning/Embedded/STM32_Low_Level/Getting_Started/Build/Objects/system_stm32f1xx.o
 .comment       0x00000049       0x4a C:/Quan/Learning/Embedded/STM32_Low_Level/Getting_Started/Build/Objects/GPIO.o
 .comment       0x00000049       0x4a C:/Quan/Learning/Embedded/STM32_Low_Level/Getting_Started/Build/Objects/Delay.o

.ARM.attributes
                0x00000000       0x2d
 .ARM.attributes
                0x00000000       0x2d C:/Quan/Learning/Embedded/STM32_Low_Level/Getting_Started/Build/Objects/main.o
 .ARM.attributes
                0x0000002d       0x2d C:/Quan/Learning/Embedded/STM32_Low_Level/Getting_Started/Build/Objects/startup.o
 .ARM.attributes
                0x0000005a       0x2d C:/Quan/Learning/Embedded/STM32_Low_Level/Getting_Started/Build/Objects/system_stm32f1xx.o
 .ARM.attributes
                0x00000087       0x2d C:/Quan/Learning/Embedded/STM32_Low_Level/Getting_Started/Build/Objects/GPIO.o
 .ARM.attributes
                0x000000b4       0x2d C:/Quan/Learning/Embedded/STM32_Low_Level/Getting_Started/Build/Objects/Delay.o

.debug_frame    0x00000000      0x2dc
 .debug_frame   0x00000000       0x98 C:/Quan/Learning/Embedded/STM32_Low_Level/Getting_Started/Build/Objects/main.o
 .debug_frame   0x00000098       0x4c C:/Quan/Learning/Embedded/STM32_Low_Level/Getting_Started/Build/Objects/startup.o
 .debug_frame   0x000000e4       0x58 C:/Quan/Learning/Embedded/STM32_Low_Level/Getting_Started/Build/Objects/system_stm32f1xx.o
 .debug_frame   0x0000013c      0x128 C:/Quan/Learning/Embedded/STM32_Low_Level/Getting_Started/Build/Objects/GPIO.o
 .debug_frame   0x00000264       0x78 C:/Quan/Learning/Embedded/STM32_Low_Level/Getting_Started/Build/Objects/Delay.o

.debug_ranges   0x00000000      0x108
 .debug_ranges  0x00000000      0x108 C:/Quan/Learning/Embedded/STM32_Low_Level/Getting_Started/Build/Objects/GPIO.o
