
Memory Configuration

Name             Origin             Length             Attributes
FLASH            0x08000000         0x00010000         xr
SRAM             0x20000000         0x00005000         xrw
*default*        0x00000000         0xffffffff

Linker script and memory map

LOAD C:/Quan/Learning/Embedded/STM32_Low_Level/Getting_Started/Build/Objects/main.o
LOAD C:/Quan/Learning/Embedded/STM32_Low_Level/Getting_Started/Build/Objects/startup.o
LOAD C:/Quan/Learning/Embedded/STM32_Low_Level/Getting_Started/Build/Objects/system_stm32f1xx.o

.isr_vector     0x08000000       0xec
 *(.isr_vector)
 .isr_vector    0x08000000       0xec C:/Quan/Learning/Embedded/STM32_Low_Level/Getting_Started/Build/Objects/startup.o
                0x08000000                isr_vector

.text           0x080000ec      0x398
                0x080000ec                . = ALIGN (0x4)
 *(.text)
 .text          0x080000ec      0x20c C:/Quan/Learning/Embedded/STM32_Low_Level/Getting_Started/Build/Objects/main.o
                0x08000184                Enable_GPIOC_Clock
                0x080001a0                GPIOC_Config
                0x080001bc                GPIO_Set
                0x080001d8                GPIO_Reset
                0x080001f4                GPIOC_Toggle
                0x08000210                systick_handler
                0x0800022c                ClockInit
                0x080002c0                main
 .text          0x080002f8       0x84 C:/Quan/Learning/Embedded/STM32_Low_Level/Getting_Started/Build/Objects/startup.o
                0x080002f8                FLASH_Handler
                0x080002f8                TIM1_TRG_COM_Handler
                0x080002f8                USART3_Handler
                0x080002f8                DMA1_Channel7_Handler
                0x080002f8                DMA1_Channel6_Handler
                0x080002f8                EXTI15_10_Handler
                0x080002f8                USBWakeup_Handler
                0x080002f8                I2C1_EV_Handler
                0x080002f8                ADC1_2_Handler
                0x080002f8                WWDG_Handler
                0x080002f8                EXTI4_Handler
                0x080002f8                DMA1_Channel1_Handler
                0x080002f8                svcall_handler
                0x080002f8                I2C1_ER_Handler
                0x080002f8                RTC_Handler
                0x080002f8                TIM1_CC_Handler
                0x080002f8                I2C2_ER_Handler
                0x080002f8                usage_fault_handler
                0x080002f8                USB_HP_CAN_TX_Handler
                0x080002f8                default_handler
                0x080002f8                CAN_RX1_Handler
                0x080002f8                TIM1_BRK_Handler
                0x080002f8                EXTI1_Handler
                0x080002f8                EXTI3_Handler
                0x080002f8                USB_LP_CAN_RX0_Handler
                0x080002f8                EXTI2_Handler
                0x080002f8                EXTI9_5_Handler
                0x080002f8                TIM2_Handler
                0x080002f8                USART1_Handler
                0x080002f8                hard_fault_handler
                0x080002f8                DMA1_Channel4_Handler
                0x080002f8                TIM3_Handler
                0x080002f8                CAN_SCE_Handler
                0x080002f8                DMA1_Channel3_Handler
                0x080002f8                TIM4_Handler
                0x080002f8                debug_monitor_handler
                0x080002f8                SPI2_Handler
                0x080002f8                DMA1_Channel2_Handler
                0x080002f8                pendsv_handler
                0x080002f8                EXTI0_Handler
                0x080002f8                TIM1_UP_Handler
                0x080002f8                mem_manage_handler
                0x080002f8                DMA1_Channel5_Handler
                0x080002f8                USART2_Handler
                0x080002f8                SPI1_Handler
                0x080002f8                I2C2_EV_Handler
                0x080002f8                RCC_Handler
                0x080002f8                PVD_Handler
                0x080002f8                nmi_handler
                0x080002f8                RTCAlarm_Handler
                0x080002f8                bus_fault_handler
                0x080002f8                TAMPER_Handler
                0x080002fe                reset_handler
 .text          0x0800037c       0xf0 C:/Quan/Learning/Embedded/STM32_Low_Level/Getting_Started/Build/Objects/system_stm32f1xx.o
                0x0800037c                SystemInit
                0x08000388                SystemCoreClockUpdate
 *(.rodata)
 .rodata        0x0800046c       0x18 C:/Quan/Learning/Embedded/STM32_Low_Level/Getting_Started/Build/Objects/system_stm32f1xx.o
                0x0800046c                AHBPrescTable
                0x0800047c                APBPrescTable
                0x08000484                . = ALIGN (0x4)
                0x08000484                _etext = .

.glue_7         0x08000484        0x0
 .glue_7        0x08000484        0x0 linker stubs

.glue_7t        0x08000484        0x0
 .glue_7t       0x08000484        0x0 linker stubs

.vfp11_veneer   0x08000484        0x0
 .vfp11_veneer  0x08000484        0x0 linker stubs

.v4_bx          0x08000484        0x0
 .v4_bx         0x08000484        0x0 linker stubs

.iplt           0x08000484        0x0
 .iplt          0x08000484        0x0 C:/Quan/Learning/Embedded/STM32_Low_Level/Getting_Started/Build/Objects/main.o

.rel.dyn        0x08000484        0x0
 .rel.iplt      0x08000484        0x0 C:/Quan/Learning/Embedded/STM32_Low_Level/Getting_Started/Build/Objects/main.o

.data           0x20000000        0x8 load address 0x08000484
                0x20000000                . = ALIGN (0x4)
                0x20000000                _sdata = .
 *(.data)
 .data          0x20000000        0x4 C:/Quan/Learning/Embedded/STM32_Low_Level/Getting_Started/Build/Objects/main.o
                0x20000000                reg
 .data          0x20000004        0x0 C:/Quan/Learning/Embedded/STM32_Low_Level/Getting_Started/Build/Objects/startup.o
 .data          0x20000004        0x4 C:/Quan/Learning/Embedded/STM32_Low_Level/Getting_Started/Build/Objects/system_stm32f1xx.o
                0x20000004                SystemCoreClock
                0x20000008                . = ALIGN (0x4)
                0x20000008                _edata = .

.igot.plt       0x20000008        0x0 load address 0x0800048c
 .igot.plt      0x20000008        0x0 C:/Quan/Learning/Embedded/STM32_Low_Level/Getting_Started/Build/Objects/main.o

.bss            0x20000008        0x4 load address 0x0800048c
                0x20000008                . = ALIGN (0x4)
                0x20000008                _sbss = .
 *(.bss)
 .bss           0x20000008        0x4 C:/Quan/Learning/Embedded/STM32_Low_Level/Getting_Started/Build/Objects/main.o
                0x20000008                ms_count
 .bss           0x2000000c        0x0 C:/Quan/Learning/Embedded/STM32_Low_Level/Getting_Started/Build/Objects/startup.o
 .bss           0x2000000c        0x0 C:/Quan/Learning/Embedded/STM32_Low_Level/Getting_Started/Build/Objects/system_stm32f1xx.o
                0x2000000c                . = ALIGN (0x4)
                0x2000000c                _ebss = .
OUTPUT(C:/Quan/Learning/Embedded/STM32_Low_Level/Getting_Started/Build/Output/out.elf elf32-littlearm)
LOAD linker stubs

.debug_info     0x00000000      0xc0c
 .debug_info    0x00000000      0x83a C:/Quan/Learning/Embedded/STM32_Low_Level/Getting_Started/Build/Objects/main.o
 .debug_info    0x0000083a      0x1a0 C:/Quan/Learning/Embedded/STM32_Low_Level/Getting_Started/Build/Objects/startup.o
 .debug_info    0x000009da      0x232 C:/Quan/Learning/Embedded/STM32_Low_Level/Getting_Started/Build/Objects/system_stm32f1xx.o

.debug_abbrev   0x00000000      0x416
 .debug_abbrev  0x00000000      0x1f8 C:/Quan/Learning/Embedded/STM32_Low_Level/Getting_Started/Build/Objects/main.o
 .debug_abbrev  0x000001f8       0xe6 C:/Quan/Learning/Embedded/STM32_Low_Level/Getting_Started/Build/Objects/startup.o
 .debug_abbrev  0x000002de      0x138 C:/Quan/Learning/Embedded/STM32_Low_Level/Getting_Started/Build/Objects/system_stm32f1xx.o

.debug_aranges  0x00000000       0x60
 .debug_aranges
                0x00000000       0x20 C:/Quan/Learning/Embedded/STM32_Low_Level/Getting_Started/Build/Objects/main.o
 .debug_aranges
                0x00000020       0x20 C:/Quan/Learning/Embedded/STM32_Low_Level/Getting_Started/Build/Objects/startup.o
 .debug_aranges
                0x00000040       0x20 C:/Quan/Learning/Embedded/STM32_Low_Level/Getting_Started/Build/Objects/system_stm32f1xx.o

.debug_line     0x00000000      0x6eb
 .debug_line    0x00000000      0x2e6 C:/Quan/Learning/Embedded/STM32_Low_Level/Getting_Started/Build/Objects/main.o
 .debug_line    0x000002e6      0x1cf C:/Quan/Learning/Embedded/STM32_Low_Level/Getting_Started/Build/Objects/startup.o
 .debug_line    0x000004b5      0x236 C:/Quan/Learning/Embedded/STM32_Low_Level/Getting_Started/Build/Objects/system_stm32f1xx.o

.debug_str      0x00000000      0x78a
 .debug_str     0x00000000      0x623 C:/Quan/Learning/Embedded/STM32_Low_Level/Getting_Started/Build/Objects/main.o
                                0x67a (size before relaxing)
 .debug_str     0x00000623       0xb7 C:/Quan/Learning/Embedded/STM32_Low_Level/Getting_Started/Build/Objects/startup.o
                                0x1f8 (size before relaxing)
 .debug_str     0x000006da       0xb0 C:/Quan/Learning/Embedded/STM32_Low_Level/Getting_Started/Build/Objects/system_stm32f1xx.o
                                0x230 (size before relaxing)

.comment        0x00000000       0x49
 .comment       0x00000000       0x49 C:/Quan/Learning/Embedded/STM32_Low_Level/Getting_Started/Build/Objects/main.o
                                 0x4a (size before relaxing)
 .comment       0x00000049       0x4a C:/Quan/Learning/Embedded/STM32_Low_Level/Getting_Started/Build/Objects/startup.o
 .comment       0x00000049       0x4a C:/Quan/Learning/Embedded/STM32_Low_Level/Getting_Started/Build/Objects/system_stm32f1xx.o

.ARM.attributes
                0x00000000       0x2d
 .ARM.attributes
                0x00000000       0x2d C:/Quan/Learning/Embedded/STM32_Low_Level/Getting_Started/Build/Objects/main.o
 .ARM.attributes
                0x0000002d       0x2d C:/Quan/Learning/Embedded/STM32_Low_Level/Getting_Started/Build/Objects/startup.o
 .ARM.attributes
                0x0000005a       0x2d C:/Quan/Learning/Embedded/STM32_Low_Level/Getting_Started/Build/Objects/system_stm32f1xx.o

.debug_frame    0x00000000      0x1f8
 .debug_frame   0x00000000      0x154 C:/Quan/Learning/Embedded/STM32_Low_Level/Getting_Started/Build/Objects/main.o
 .debug_frame   0x00000154       0x4c C:/Quan/Learning/Embedded/STM32_Low_Level/Getting_Started/Build/Objects/startup.o
 .debug_frame   0x000001a0       0x58 C:/Quan/Learning/Embedded/STM32_Low_Level/Getting_Started/Build/Objects/system_stm32f1xx.o
