
Memory Configuration

Name             Origin             Length             Attributes
FLASH            0x08000000         0x00010000         xr
SRAM             0x20000000         0x00005000         xrw
*default*        0x00000000         0xffffffff

Linker script and memory map

LOAD Build/Objects/main.o
LOAD Build/Objects/startup.o
LOAD Build/Objects/DHT11.o
LOAD Build/Objects/MAX7219.o
LOAD Build/Objects/Delay.o
LOAD Build/Objects/DMA.o
LOAD Build/Objects/gp_drive.o
LOAD Build/Objects/GPIO.o
LOAD Build/Objects/I2C_Driver.o
LOAD Build/Objects/IWDG.o
LOAD Build/Objects/SPI.o
LOAD Build/Objects/Systick_Timer.o
LOAD Build/Objects/Timer.o
LOAD Build/Objects/UART_Driver.o

.isr_vector     0x08000000       0xec
 *(.isr_vector)
 .isr_vector    0x08000000       0xec Build/Objects/startup.o
                0x08000000                isr_vector

.text           0x080000ec     0x27d4
                0x080000ec                . = ALIGN (0x4)
 *(.text)
 .text          0x080000ec      0x304 Build/Objects/main.o
                0x08000178                TIM1_UP_Handler
                0x0800021c                TIM1_Config
                0x08000264                ClockInit
                0x080002f8                ToggleLED
                0x08000308                GetCounterValue
                0x08000320                Set_DutyCycle
                0x08000344                main
 .text          0x080003f0       0x84 Build/Objects/startup.o
                0x080003f0                FLASH_Handler
                0x080003f0                TIM1_TRG_COM_Handler
                0x080003f0                USART3_Handler
                0x080003f0                DMA1_Channel7_Handler
                0x080003f0                DMA1_Channel6_Handler
                0x080003f0                EXTI15_10_Handler
                0x080003f0                USBWakeup_Handler
                0x080003f0                I2C1_EV_Handler
                0x080003f0                ADC1_2_Handler
                0x080003f0                WWDG_Handler
                0x080003f0                EXTI4_Handler
                0x080003f0                DMA1_Channel1_Handler
                0x080003f0                svcall_handler
                0x080003f0                systick_handler
                0x080003f0                I2C1_ER_Handler
                0x080003f0                RTC_Handler
                0x080003f0                TIM1_CC_Handler
                0x080003f0                I2C2_ER_Handler
                0x080003f0                usage_fault_handler
                0x080003f0                USB_HP_CAN_TX_Handler
                0x080003f0                default_handler
                0x080003f0                CAN_RX1_Handler
                0x080003f0                TIM1_BRK_Handler
                0x080003f0                EXTI1_Handler
                0x080003f0                EXTI3_Handler
                0x080003f0                USB_LP_CAN_RX0_Handler
                0x080003f0                EXTI2_Handler
                0x080003f0                EXTI9_5_Handler
                0x080003f0                TIM2_Handler
                0x080003f0                USART1_Handler
                0x080003f0                hard_fault_handler
                0x080003f0                DMA1_Channel4_Handler
                0x080003f0                TIM3_Handler
                0x080003f0                CAN_SCE_Handler
                0x080003f0                DMA1_Channel3_Handler
                0x080003f0                TIM4_Handler
                0x080003f0                debug_monitor_handler
                0x080003f0                SPI2_Handler
                0x080003f0                DMA1_Channel2_Handler
                0x080003f0                pendsv_handler
                0x080003f0                EXTI0_Handler
                0x080003f0                mem_manage_handler
                0x080003f0                DMA1_Channel5_Handler
                0x080003f0                USART2_Handler
                0x080003f0                SPI1_Handler
                0x080003f0                I2C2_EV_Handler
                0x080003f0                RCC_Handler
                0x080003f0                PVD_Handler
                0x080003f0                nmi_handler
                0x080003f0                RTCAlarm_Handler
                0x080003f0                bus_fault_handler
                0x080003f0                TAMPER_Handler
                0x080003f6                reset_handler
 .text          0x08000474      0x164 Build/Objects/DHT11.o
                0x08000474                DHT11_SendStartSignal
                0x080004ee                DHT11_GetSignal
                0x0800057a                DHT11_GetValue
 .text          0x080005d8      0x288 Build/Objects/MAX7219.o
                0x080005d8                MAX7219_SendData
                0x0800061c                MAX7219_PowerOn
                0x0800062c                MAX7219_SetIntensity
                0x08000648                MAX7219_SetScanLimit
                0x08000664                MAX7219_Clean
                0x08000698                MAX7219_SetDecodeMode
                0x080006b4                MAX7219_Init
                0x080006ea                MAX7219_EmptyAllDigits
                0x08000718                MAX7219_PrintString
                0x08000768                MAX7219_PrintInt
 .text          0x08000860       0xb0 Build/Objects/Delay.o
                0x08000860                TIM2_Config
                0x080008b0                delay_us
                0x080008de                delay_ms
 .text          0x08000910      0x28c Build/Objects/DMA.o
                0x08000910                DMA_EnableClock
                0x0800094c                DMA_SetPeripheralAddress
                0x08000966                DMA_SetMemoryAddress
                0x08000980                DMA_SetNumberOfData
                0x080009a8                DMA_SetChannelPriority
                0x080009d8                DMA_SetDirection
                0x08000a08                DMA_SetCircularMode
                0x08000a38                DMA_SetIncrementedMode
                0x08000a8e                DMA_SetMemorySize
                0x08000abe                DMA_SetPeripheralSize
                0x08000aee                DMA_Init
                0x08000b48                DMA_SetTransactionInfo
                0x08000b7e                DMA_Enable
 .text          0x08000b9c      0x228 Build/Objects/gp_drive.o
                0x08000b9c                init_GP
                0x08000c7c                R_GP
                0x08000cf2                W_GP
                0x08000d80                toggle_GP
 .text          0x08000dc4      0x8d0 Build/Objects/GPIO.o
                0x08000dc4                GPIO_EnableClock
                0x08000df0                GPIO_Init
                0x08001298                GPIO_Set
                0x0800133c                GPIO_Reset
                0x080013e8                GPIO_Toggle
                0x0800150c                GPIO_PullUpDown
                0x08001614                GPIO_ReadPin
 .text          0x08001694      0x398 Build/Objects/I2C_Driver.o
                0x08001694                I2C_init
                0x08001740                I2C_start
                0x080017bc                I2C_data
                0x08001814                I2C_write
                0x08001840                I2C_stop
                0x0800186c                I2C_ReadData
                0x080018c0                I2C_read
                0x08001998                I2C_read1
                0x080019e8                I2C1_Enable_IO_Remap
 .text          0x08001a2c       0xc4 Build/Objects/IWDG.o
                0x08001a2c                IWDG_SetPrescaler
                0x08001a68                IWDG_SetReloadValue
                0x08001a90                IWDG_Start
                0x08001aa8                IWDG_Reset
                0x08001ac0                IWDG_Init
 .text          0x08001af0      0x3c4 Build/Objects/SPI.o
                0x08001af0                SPI_EnableClock
                0x08001b38                SPI_SetClockPhase
                0x08001b66                SPI_SetClockPolarity
                0x08001b96                SPI_SetMasterSlave
                0x08001bc6                SPI_SetSourceClock
                0x08001c0c                SPI_Enable
                0x08001c2a                SPI_Disable
                0x08001c64                SPI_SoftwareSlaveSelect_Enable
                0x08001c9a                SPI_SetFrameFormat
                0x08001cca                SPI_Init
                0x08001d18                SPI_SetTransmitOnlyMode
                0x08001d40                SPI_IO_Init
                0x08001dd0                SPI_Transmit
                0x08001e50                SPI_Transmit_DMA
 .text          0x08001eb4       0x80 Build/Objects/Systick_Timer.o
                0x08001eb4                systick_init
                0x08001ee0                DelayMillis
                0x08001f10                DelayMs
 .text          0x08001f34      0x800 Build/Objects/Timer.o
                0x08001f34                TIM_EnableTimerClock
                0x08001fac                TIM_SetSlaveMode
                0x08001fda                TIM_SetPolarity
                0x08002082                TIM_SetChannelDirection
                0x08002126                TIM_SetInputCaptureFilter
                0x080021ce                TIM_EnableCounter
                0x080021ec                TIM_EnableCaptureInput
                0x08002258                TIM_PWM_IO_Config
                0x080023ec                TIM_PWM_Init
                0x080024da                TIM_EnableCCOutput
                0x0800253e                TIM_PWM_Mode
                0x080025e6                PWM_EnableUpdateGeneration
                0x08002604                TIM_PWM_Start
                0x0800262e                TIM_SetPrescaler
                0x0800264e                TIM_SetARRReg
                0x0800266a                TIM_SetCCRxReg
                0x080026c2                TIM_Encoder_Init
                0x0800270e                TIM_EncoderStart
 .text          0x08002734      0x18c Build/Objects/UART_Driver.o
                0x08002734                UART_init
                0x080027d8                USART2_ReceiveChar
                0x08002804                USART2_SendChar
                0x08002840                UART_SendString
                0x08002878                USART2_ReceiveString
 *(.rodata)
                0x080028c0                . = ALIGN (0x4)
                0x080028c0                _etext = .

.glue_7         0x080028c0        0x0
 .glue_7        0x080028c0        0x0 linker stubs

.glue_7t        0x080028c0        0x0
 .glue_7t       0x080028c0        0x0 linker stubs

.vfp11_veneer   0x080028c0        0x0
 .vfp11_veneer  0x080028c0        0x0 linker stubs

.v4_bx          0x080028c0        0x0
 .v4_bx         0x080028c0        0x0 linker stubs

.iplt           0x080028c0        0x0
 .iplt          0x080028c0        0x0 Build/Objects/main.o

.rel.dyn        0x080028c0        0x0
 .rel.iplt      0x080028c0        0x0 Build/Objects/main.o

.data           0x20000000       0x10 load address 0x080028c0
                0x20000000                . = ALIGN (0x4)
                0x20000000                _sdata = .
 *(.data)
 .data          0x20000000        0x1 Build/Objects/main.o
                0x20000000                rx_data
 .data          0x20000001        0x0 Build/Objects/startup.o
 .data          0x20000001        0x0 Build/Objects/DHT11.o
 *fill*         0x20000001        0x3 
 .data          0x20000004        0xa Build/Objects/MAX7219.o
                0x20000004                DigitCodes
 .data          0x2000000e        0x0 Build/Objects/Delay.o
 .data          0x2000000e        0x0 Build/Objects/DMA.o
 .data          0x2000000e        0x0 Build/Objects/gp_drive.o
 .data          0x2000000e        0x0 Build/Objects/GPIO.o
 .data          0x2000000e        0x0 Build/Objects/I2C_Driver.o
 .data          0x2000000e        0x0 Build/Objects/IWDG.o
 .data          0x2000000e        0x0 Build/Objects/SPI.o
 .data          0x2000000e        0x0 Build/Objects/Systick_Timer.o
 .data          0x2000000e        0x0 Build/Objects/Timer.o
 .data          0x2000000e        0x0 Build/Objects/UART_Driver.o
                0x20000010                . = ALIGN (0x4)
 *fill*         0x2000000e        0x2 
                0x20000010                _edata = .

.igot.plt       0x20000010        0x0 load address 0x080028d0
 .igot.plt      0x20000010        0x0 Build/Objects/main.o

.bss            0x20000010       0x10 load address 0x080028d0
                0x20000010                . = ALIGN (0x4)
                0x20000010                _sbss = .
 *(.bss)
 .bss           0x20000010        0xe Build/Objects/main.o
                0x20000010                counterVal
                0x20000014                position
                0x20000016                old_position
                0x20000018                encoderPPS
                0x2000001a                currentFanRPM
                0x2000001c                ms_count
 .bss           0x2000001e        0x0 Build/Objects/startup.o
 .bss           0x2000001e        0x0 Build/Objects/DHT11.o
 .bss           0x2000001e        0x0 Build/Objects/MAX7219.o
 .bss           0x2000001e        0x0 Build/Objects/Delay.o
 .bss           0x2000001e        0x0 Build/Objects/DMA.o
 .bss           0x2000001e        0x0 Build/Objects/gp_drive.o
 .bss           0x2000001e        0x0 Build/Objects/GPIO.o
 .bss           0x2000001e        0x0 Build/Objects/I2C_Driver.o
 .bss           0x2000001e        0x0 Build/Objects/IWDG.o
 .bss           0x2000001e        0x0 Build/Objects/SPI.o
 .bss           0x2000001e        0x0 Build/Objects/Systick_Timer.o
 .bss           0x2000001e        0x0 Build/Objects/Timer.o
 .bss           0x2000001e        0x0 Build/Objects/UART_Driver.o
                0x20000020                . = ALIGN (0x4)
 *fill*         0x2000001e        0x2 
                0x20000020                _ebss = .
OUTPUT(Build/Output/out.elf elf32-littlearm)
LOAD linker stubs

.debug_info     0x00000000     0x34a5
 .debug_info    0x00000000      0x98b Build/Objects/main.o
 .debug_info    0x0000098b      0x1a0 Build/Objects/startup.o
 .debug_info    0x00000b2b      0x1f9 Build/Objects/DHT11.o
 .debug_info    0x00000d24      0x390 Build/Objects/MAX7219.o
 .debug_info    0x000010b4      0x2f5 Build/Objects/Delay.o
 .debug_info    0x000013a9      0x4dc Build/Objects/DMA.o
 .debug_info    0x00001885      0x1be Build/Objects/gp_drive.o
 .debug_info    0x00001a43      0x496 Build/Objects/GPIO.o
 .debug_info    0x00001ed9      0x442 Build/Objects/I2C_Driver.o
 .debug_info    0x0000231b      0x1a7 Build/Objects/IWDG.o
 .debug_info    0x000024c2      0x4fb Build/Objects/SPI.o
 .debug_info    0x000029bd      0x126 Build/Objects/Systick_Timer.o
 .debug_info    0x00002ae3      0x6b1 Build/Objects/Timer.o
 .debug_info    0x00003194      0x311 Build/Objects/UART_Driver.o

.debug_abbrev   0x00000000      0xf96
 .debug_abbrev  0x00000000      0x1fb Build/Objects/main.o
 .debug_abbrev  0x000001fb       0xe6 Build/Objects/startup.o
 .debug_abbrev  0x000002e1       0xe6 Build/Objects/DHT11.o
 .debug_abbrev  0x000003c7      0x143 Build/Objects/MAX7219.o
 .debug_abbrev  0x0000050a       0xe1 Build/Objects/Delay.o
 .debug_abbrev  0x000005eb       0xec Build/Objects/DMA.o
 .debug_abbrev  0x000006d7       0xee Build/Objects/gp_drive.o
 .debug_abbrev  0x000007c5      0x145 Build/Objects/GPIO.o
 .debug_abbrev  0x0000090a      0x14b Build/Objects/I2C_Driver.o
 .debug_abbrev  0x00000a55       0xec Build/Objects/IWDG.o
 .debug_abbrev  0x00000b41      0x117 Build/Objects/SPI.o
 .debug_abbrev  0x00000c58       0xce Build/Objects/Systick_Timer.o
 .debug_abbrev  0x00000d26      0x135 Build/Objects/Timer.o
 .debug_abbrev  0x00000e5b      0x13b Build/Objects/UART_Driver.o

.debug_aranges  0x00000000      0x1c0
 .debug_aranges
                0x00000000       0x20 Build/Objects/main.o
 .debug_aranges
                0x00000020       0x20 Build/Objects/startup.o
 .debug_aranges
                0x00000040       0x20 Build/Objects/DHT11.o
 .debug_aranges
                0x00000060       0x20 Build/Objects/MAX7219.o
 .debug_aranges
                0x00000080       0x20 Build/Objects/Delay.o
 .debug_aranges
                0x000000a0       0x20 Build/Objects/DMA.o
 .debug_aranges
                0x000000c0       0x20 Build/Objects/gp_drive.o
 .debug_aranges
                0x000000e0       0x20 Build/Objects/GPIO.o
 .debug_aranges
                0x00000100       0x20 Build/Objects/I2C_Driver.o
 .debug_aranges
                0x00000120       0x20 Build/Objects/IWDG.o
 .debug_aranges
                0x00000140       0x20 Build/Objects/SPI.o
 .debug_aranges
                0x00000160       0x20 Build/Objects/Systick_Timer.o
 .debug_aranges
                0x00000180       0x20 Build/Objects/Timer.o
 .debug_aranges
                0x000001a0       0x20 Build/Objects/UART_Driver.o

.debug_line     0x00000000     0x2438
 .debug_line    0x00000000      0x2e3 Build/Objects/main.o
 .debug_line    0x000002e3      0x195 Build/Objects/startup.o
 .debug_line    0x00000478      0x209 Build/Objects/DHT11.o
 .debug_line    0x00000681      0x243 Build/Objects/MAX7219.o
 .debug_line    0x000008c4      0x1d1 Build/Objects/Delay.o
 .debug_line    0x00000a95      0x223 Build/Objects/DMA.o
 .debug_line    0x00000cb8      0x14f Build/Objects/gp_drive.o
 .debug_line    0x00000e07      0x5df Build/Objects/GPIO.o
 .debug_line    0x000013e6      0x383 Build/Objects/I2C_Driver.o
 .debug_line    0x00001769      0x1bd Build/Objects/IWDG.o
 .debug_line    0x00001926      0x2e6 Build/Objects/SPI.o
 .debug_line    0x00001c0c      0x1b3 Build/Objects/Systick_Timer.o
 .debug_line    0x00001dbf      0x43f Build/Objects/Timer.o
 .debug_line    0x000021fe      0x23a Build/Objects/UART_Driver.o

.debug_str      0x00000000     0x10f0
 .debug_str     0x00000000      0x65b Build/Objects/main.o
                                0x6d8 (size before relaxing)
 .debug_str     0x0000065b       0x7d Build/Objects/startup.o
                                0x1ca (size before relaxing)
 .debug_str     0x000006d8       0xad Build/Objects/DHT11.o
                                0x1ff (size before relaxing)
 .debug_str     0x00000785      0x138 Build/Objects/MAX7219.o
                                0x2ef (size before relaxing)
 .debug_str     0x000008bd       0x4a Build/Objects/Delay.o
                                0x21d (size before relaxing)
 .debug_str     0x00000907      0x1a4 Build/Objects/DMA.o
                                0x3a5 (size before relaxing)
 .debug_str     0x00000aab       0x4c Build/Objects/gp_drive.o
                                0x11a (size before relaxing)
 .debug_str     0x00000af7       0xc7 Build/Objects/GPIO.o
                                0x27c (size before relaxing)
 .debug_str     0x00000bbe       0xc7 Build/Objects/I2C_Driver.o
                                0x29e (size before relaxing)
 .debug_str     0x00000c85       0x7d Build/Objects/IWDG.o
                                0x1ea (size before relaxing)
 .debug_str     0x00000d02      0x11e Build/Objects/SPI.o
                                0x340 (size before relaxing)
 .debug_str     0x00000e20       0x62 Build/Objects/Systick_Timer.o
                                0x19d (size before relaxing)
 .debug_str     0x00000e82      0x1c4 Build/Objects/Timer.o
                                0x3c9 (size before relaxing)
 .debug_str     0x00001046       0xaa Build/Objects/UART_Driver.o
                                0x245 (size before relaxing)

.comment        0x00000000       0x49
 .comment       0x00000000       0x49 Build/Objects/main.o
                                 0x4a (size before relaxing)
 .comment       0x00000049       0x4a Build/Objects/startup.o
 .comment       0x00000049       0x4a Build/Objects/DHT11.o
 .comment       0x00000049       0x4a Build/Objects/MAX7219.o
 .comment       0x00000049       0x4a Build/Objects/Delay.o
 .comment       0x00000049       0x4a Build/Objects/DMA.o
 .comment       0x00000049       0x4a Build/Objects/gp_drive.o
 .comment       0x00000049       0x4a Build/Objects/GPIO.o
 .comment       0x00000049       0x4a Build/Objects/I2C_Driver.o
 .comment       0x00000049       0x4a Build/Objects/IWDG.o
 .comment       0x00000049       0x4a Build/Objects/SPI.o
 .comment       0x00000049       0x4a Build/Objects/Systick_Timer.o
 .comment       0x00000049       0x4a Build/Objects/Timer.o
 .comment       0x00000049       0x4a Build/Objects/UART_Driver.o

.ARM.attributes
                0x00000000       0x2d
 .ARM.attributes
                0x00000000       0x2d Build/Objects/main.o
 .ARM.attributes
                0x0000002d       0x2d Build/Objects/startup.o
 .ARM.attributes
                0x0000005a       0x2d Build/Objects/DHT11.o
 .ARM.attributes
                0x00000087       0x2d Build/Objects/MAX7219.o
 .ARM.attributes
                0x000000b4       0x2d Build/Objects/Delay.o
 .ARM.attributes
                0x000000e1       0x2d Build/Objects/DMA.o
 .ARM.attributes
                0x0000010e       0x2d Build/Objects/gp_drive.o
 .ARM.attributes
                0x0000013b       0x2d Build/Objects/GPIO.o
 .ARM.attributes
                0x00000168       0x2d Build/Objects/I2C_Driver.o
 .ARM.attributes
                0x00000195       0x2d Build/Objects/IWDG.o
 .ARM.attributes
                0x000001c2       0x2d Build/Objects/SPI.o
 .ARM.attributes
                0x000001ef       0x2d Build/Objects/Systick_Timer.o
 .ARM.attributes
                0x0000021c       0x2d Build/Objects/Timer.o
 .ARM.attributes
                0x00000249       0x2d Build/Objects/UART_Driver.o

.debug_frame    0x00000000     0x1030
 .debug_frame   0x00000000      0x13c Build/Objects/main.o
 .debug_frame   0x0000013c       0x4c Build/Objects/startup.o
 .debug_frame   0x00000188       0x7c Build/Objects/DHT11.o
 .debug_frame   0x00000204      0x17c Build/Objects/MAX7219.o
 .debug_frame   0x00000380       0x78 Build/Objects/Delay.o
 .debug_frame   0x000003f8      0x210 Build/Objects/DMA.o
 .debug_frame   0x00000608       0xb0 Build/Objects/gp_drive.o
 .debug_frame   0x000006b8      0x128 Build/Objects/GPIO.o
 .debug_frame   0x000007e0      0x15c Build/Objects/I2C_Driver.o
 .debug_frame   0x0000093c       0xc4 Build/Objects/IWDG.o
 .debug_frame   0x00000a00      0x228 Build/Objects/SPI.o
 .debug_frame   0x00000c28       0x74 Build/Objects/Systick_Timer.o
 .debug_frame   0x00000c9c      0x2cc Build/Objects/Timer.o
 .debug_frame   0x00000f68       0xc8 Build/Objects/UART_Driver.o

.debug_ranges   0x00000000      0x108
 .debug_ranges  0x00000000      0x108 Build/Objects/GPIO.o
