
Memory Configuration

Name             Origin             Length             Attributes
FLASH            0x08000000         0x00010000         xr
SRAM             0x20000000         0x00005000         xrw
*default*        0x00000000         0xffffffff

Linker script and memory map

LOAD Build/Objects/main.o
LOAD Build/Objects/startup.o
LOAD Build/Objects/AHT20.o
LOAD Build/Objects/DHT11.o
LOAD Build/Objects/MAX7219.o
LOAD Build/Objects/Delay.o
LOAD Build/Objects/DMA.o
LOAD Build/Objects/gp_drive.o
LOAD Build/Objects/GPIO.o
LOAD Build/Objects/I2C.o
LOAD Build/Objects/I2C_Driver.o
LOAD Build/Objects/IWDG.o
LOAD Build/Objects/SPI.o
LOAD Build/Objects/Systick_Timer.o
LOAD Build/Objects/Timer.o
LOAD Build/Objects/UART_Driver.o

.isr_vector     0x08000000       0xec
 *(.isr_vector)
 .isr_vector    0x08000000       0xec Build/Objects/startup.o
                0x08000000                isr_vector

.text           0x080000ec     0x2d3c
                0x080000ec                . = ALIGN (0x4)
 *(.text)
 .text          0x080000ec      0x380 Build/Objects/main.o
                0x08000178                TIM1_UP_Handler
                0x0800021c                TIM1_Config
                0x08000264                ClockInit
                0x080002f8                ToggleLED
                0x08000308                GetCounterValue
                0x08000320                Set_DutyCycle
                0x08000344                AHT20_Init1
                0x08000384                AHT20_GetSensorData1
                0x080003a2                main
 .text          0x0800046c       0x84 Build/Objects/startup.o
                0x0800046c                FLASH_Handler
                0x0800046c                TIM1_TRG_COM_Handler
                0x0800046c                USART3_Handler
                0x0800046c                DMA1_Channel7_Handler
                0x0800046c                DMA1_Channel6_Handler
                0x0800046c                EXTI15_10_Handler
                0x0800046c                USBWakeup_Handler
                0x0800046c                I2C1_EV_Handler
                0x0800046c                ADC1_2_Handler
                0x0800046c                WWDG_Handler
                0x0800046c                EXTI4_Handler
                0x0800046c                DMA1_Channel1_Handler
                0x0800046c                svcall_handler
                0x0800046c                systick_handler
                0x0800046c                I2C1_ER_Handler
                0x0800046c                RTC_Handler
                0x0800046c                TIM1_CC_Handler
                0x0800046c                I2C2_ER_Handler
                0x0800046c                usage_fault_handler
                0x0800046c                USB_HP_CAN_TX_Handler
                0x0800046c                default_handler
                0x0800046c                CAN_RX1_Handler
                0x0800046c                TIM1_BRK_Handler
                0x0800046c                EXTI1_Handler
                0x0800046c                EXTI3_Handler
                0x0800046c                USB_LP_CAN_RX0_Handler
                0x0800046c                EXTI2_Handler
                0x0800046c                EXTI9_5_Handler
                0x0800046c                TIM2_Handler
                0x0800046c                USART1_Handler
                0x0800046c                hard_fault_handler
                0x0800046c                DMA1_Channel4_Handler
                0x0800046c                TIM3_Handler
                0x0800046c                CAN_SCE_Handler
                0x0800046c                DMA1_Channel3_Handler
                0x0800046c                TIM4_Handler
                0x0800046c                debug_monitor_handler
                0x0800046c                SPI2_Handler
                0x0800046c                DMA1_Channel2_Handler
                0x0800046c                pendsv_handler
                0x0800046c                EXTI0_Handler
                0x0800046c                mem_manage_handler
                0x0800046c                DMA1_Channel5_Handler
                0x0800046c                USART2_Handler
                0x0800046c                SPI1_Handler
                0x0800046c                I2C2_EV_Handler
                0x0800046c                RCC_Handler
                0x0800046c                PVD_Handler
                0x0800046c                nmi_handler
                0x0800046c                RTCAlarm_Handler
                0x0800046c                bus_fault_handler
                0x0800046c                TAMPER_Handler
                0x08000472                reset_handler
 .text          0x080004f0      0x108 Build/Objects/AHT20.o
                0x080004f0                AHT20_SendInitializeCommand
                0x08000534                AHT20_SendTriggerMeasurementCommand
                0x08000578                AHT20_Init
                0x080005b4                AHT20_GetSensorData
 .text          0x080005f8      0x164 Build/Objects/DHT11.o
                0x080005f8                DHT11_SendStartSignal
                0x08000672                DHT11_GetSignal
                0x080006fe                DHT11_GetValue
 .text          0x0800075c      0x288 Build/Objects/MAX7219.o
                0x0800075c                MAX7219_SendData
                0x080007a0                MAX7219_PowerOn
                0x080007b0                MAX7219_SetIntensity
                0x080007cc                MAX7219_SetScanLimit
                0x080007e8                MAX7219_Clean
                0x0800081c                MAX7219_SetDecodeMode
                0x08000838                MAX7219_Init
                0x0800086e                MAX7219_EmptyAllDigits
                0x0800089c                MAX7219_PrintString
                0x080008ec                MAX7219_PrintInt
 .text          0x080009e4       0xb0 Build/Objects/Delay.o
                0x080009e4                TIM2_Config
                0x08000a34                delay_us
                0x08000a62                delay_ms
 .text          0x08000a94      0x28c Build/Objects/DMA.o
                0x08000a94                DMA_EnableClock
                0x08000ad0                DMA_SetPeripheralAddress
                0x08000aea                DMA_SetMemoryAddress
                0x08000b04                DMA_SetNumberOfData
                0x08000b2c                DMA_SetChannelPriority
                0x08000b5c                DMA_SetDirection
                0x08000b8c                DMA_SetCircularMode
                0x08000bbc                DMA_SetIncrementedMode
                0x08000c12                DMA_SetMemorySize
                0x08000c42                DMA_SetPeripheralSize
                0x08000c72                DMA_Init
                0x08000ccc                DMA_SetTransactionInfo
                0x08000d02                DMA_Enable
 .text          0x08000d20      0x228 Build/Objects/gp_drive.o
                0x08000d20                init_GP
                0x08000e00                R_GP
                0x08000e76                W_GP
                0x08000f04                toggle_GP
 .text          0x08000f48      0xa04 Build/Objects/GPIO.o
                0x08000f48                GPIO_EnableClock
                0x08000f74                GPIO_Init
                0x08001550                GPIO_Set
                0x080015f4                GPIO_Reset
                0x080016a0                GPIO_Toggle
                0x080017c4                GPIO_PullUpDown
                0x080018cc                GPIO_ReadPin
 .text          0x0800194c      0x63c Build/Objects/I2C.o
                0x0800194c                I2C_EnableClock
                0x08001994                I2C_IOConfig
                0x08001a4c                I2C_Enable
                0x08001a6a                I2C_GenerateStartCondition
                0x08001aca                I2C_GenerateStopCondition
                0x08001ae8                I2C_SetClockFrequency
                0x08001b22                I2C_MasterModeSelect
                0x08001b52                I2C_SetCCRValue
                0x08001b7c                I2C_SetTRISEValue
                0x08001b98                I2C_ClockConfig
                0x08001bc8                I2C_EnableAcknowledge
                0x08001bf8                I2C_Init
                0x08001c34                I2C_TransmitSlaveAddress
                0x08001ce2                I2C_TransmitData
                0x08001dac                I2C_ReadData
 .text          0x08001f88        0x0 Build/Objects/I2C_Driver.o
 .text          0x08001f88       0xc4 Build/Objects/IWDG.o
                0x08001f88                IWDG_SetPrescaler
                0x08001fc4                IWDG_SetReloadValue
                0x08001fec                IWDG_Start
                0x08002004                IWDG_Reset
                0x0800201c                IWDG_Init
 .text          0x0800204c      0x3c4 Build/Objects/SPI.o
                0x0800204c                SPI_EnableClock
                0x08002094                SPI_SetClockPhase
                0x080020c2                SPI_SetClockPolarity
                0x080020f2                SPI_SetMasterSlave
                0x08002122                SPI_SetSourceClock
                0x08002168                SPI_Enable
                0x08002186                SPI_Disable
                0x080021c0                SPI_SoftwareSlaveSelect_Enable
                0x080021f6                SPI_SetFrameFormat
                0x08002226                SPI_Init
                0x08002274                SPI_SetTransmitOnlyMode
                0x0800229c                SPI_IO_Init
                0x0800232c                SPI_Transmit
                0x080023ac                SPI_Transmit_DMA
 .text          0x08002410       0x80 Build/Objects/Systick_Timer.o
                0x08002410                systick_init
                0x0800243c                DelayMillis
                0x0800246c                DelayMs
 .text          0x08002490      0x800 Build/Objects/Timer.o
                0x08002490                TIM_EnableTimerClock
                0x08002508                TIM_SetSlaveMode
                0x08002536                TIM_SetPolarity
                0x080025de                TIM_SetChannelDirection
                0x08002682                TIM_SetInputCaptureFilter
                0x0800272a                TIM_EnableCounter
                0x08002748                TIM_EnableCaptureInput
                0x080027b4                TIM_PWM_IO_Config
                0x08002948                TIM_PWM_Init
                0x08002a36                TIM_EnableCCOutput
                0x08002a9a                TIM_PWM_Mode
                0x08002b42                TIM_EnableUpdateGeneration
                0x08002b60                TIM_PWM_Start
                0x08002b8a                TIM_SetPrescaler
                0x08002baa                TIM_SetARRReg
                0x08002bc6                TIM_SetCCRxReg
                0x08002c1e                TIM_Encoder_Init
                0x08002c6a                TIM_EncoderStart
 .text          0x08002c90      0x18c Build/Objects/UART_Driver.o
                0x08002c90                UART_init
                0x08002d34                USART2_ReceiveChar
                0x08002d60                USART2_SendChar
                0x08002d9c                UART_SendString
                0x08002dd4                USART2_ReceiveString
 *(.rodata)
 .rodata        0x08002e1c        0x3 Build/Objects/main.o
 *fill*         0x08002e1f        0x1 
 .rodata        0x08002e20        0x7 Build/Objects/AHT20.o
                0x08002e28                . = ALIGN (0x4)
 *fill*         0x08002e27        0x1 
                0x08002e28                _etext = .

.glue_7         0x08002e28        0x0
 .glue_7        0x08002e28        0x0 linker stubs

.glue_7t        0x08002e28        0x0
 .glue_7t       0x08002e28        0x0 linker stubs

.vfp11_veneer   0x08002e28        0x0
 .vfp11_veneer  0x08002e28        0x0 linker stubs

.v4_bx          0x08002e28        0x0
 .v4_bx         0x08002e28        0x0 linker stubs

.iplt           0x08002e28        0x0
 .iplt          0x08002e28        0x0 Build/Objects/main.o

.rel.dyn        0x08002e28        0x0
 .rel.iplt      0x08002e28        0x0 Build/Objects/main.o

.data           0x20000000       0x10 load address 0x08002e28
                0x20000000                . = ALIGN (0x4)
                0x20000000                _sdata = .
 *(.data)
 .data          0x20000000        0x1 Build/Objects/main.o
                0x20000000                rx_data
 .data          0x20000001        0x0 Build/Objects/startup.o
 .data          0x20000001        0x0 Build/Objects/AHT20.o
 .data          0x20000001        0x0 Build/Objects/DHT11.o
 *fill*         0x20000001        0x3 
 .data          0x20000004        0xa Build/Objects/MAX7219.o
                0x20000004                DigitCodes
 .data          0x2000000e        0x0 Build/Objects/Delay.o
 .data          0x2000000e        0x0 Build/Objects/DMA.o
 .data          0x2000000e        0x0 Build/Objects/gp_drive.o
 .data          0x2000000e        0x0 Build/Objects/GPIO.o
 .data          0x2000000e        0x0 Build/Objects/I2C.o
 .data          0x2000000e        0x0 Build/Objects/I2C_Driver.o
 .data          0x2000000e        0x0 Build/Objects/IWDG.o
 .data          0x2000000e        0x0 Build/Objects/SPI.o
 .data          0x2000000e        0x0 Build/Objects/Systick_Timer.o
 .data          0x2000000e        0x0 Build/Objects/Timer.o
 .data          0x2000000e        0x0 Build/Objects/UART_Driver.o
                0x20000010                . = ALIGN (0x4)
 *fill*         0x2000000e        0x2 
                0x20000010                _edata = .

.igot.plt       0x20000010        0x0 load address 0x08002e38
 .igot.plt      0x20000010        0x0 Build/Objects/main.o

.bss            0x20000010       0x18 load address 0x08002e38
                0x20000010                . = ALIGN (0x4)
                0x20000010                _sbss = .
 *(.bss)
 .bss           0x20000010       0x16 Build/Objects/main.o
                0x20000010                counterVal
                0x20000014                position
                0x20000016                old_position
                0x20000018                encoderPPS
                0x2000001a                currentFanRPM
                0x2000001c                ms_count
                0x20000020                AHT20_data
 .bss           0x20000026        0x0 Build/Objects/startup.o
 .bss           0x20000026        0x0 Build/Objects/AHT20.o
 .bss           0x20000026        0x0 Build/Objects/DHT11.o
 .bss           0x20000026        0x0 Build/Objects/MAX7219.o
 .bss           0x20000026        0x0 Build/Objects/Delay.o
 .bss           0x20000026        0x0 Build/Objects/DMA.o
 .bss           0x20000026        0x0 Build/Objects/gp_drive.o
 .bss           0x20000026        0x0 Build/Objects/GPIO.o
 .bss           0x20000026        0x0 Build/Objects/I2C.o
 .bss           0x20000026        0x0 Build/Objects/I2C_Driver.o
 .bss           0x20000026        0x0 Build/Objects/IWDG.o
 .bss           0x20000026        0x0 Build/Objects/SPI.o
 .bss           0x20000026        0x0 Build/Objects/Systick_Timer.o
 .bss           0x20000026        0x0 Build/Objects/Timer.o
 .bss           0x20000026        0x0 Build/Objects/UART_Driver.o
                0x20000028                . = ALIGN (0x4)
 *fill*         0x20000026        0x2 
                0x20000028                _ebss = .
OUTPUT(Build/Output/out.elf elf32-littlearm)
LOAD linker stubs

.debug_info     0x00000000     0x3c3e
 .debug_info    0x00000000      0xb04 Build/Objects/main.o
 .debug_info    0x00000b04      0x1a0 Build/Objects/startup.o
 .debug_info    0x00000ca4      0x2be Build/Objects/AHT20.o
 .debug_info    0x00000f62      0x1f9 Build/Objects/DHT11.o
 .debug_info    0x0000115b      0x390 Build/Objects/MAX7219.o
 .debug_info    0x000014eb      0x2f5 Build/Objects/Delay.o
 .debug_info    0x000017e0      0x4e3 Build/Objects/DMA.o
 .debug_info    0x00001cc3      0x1be Build/Objects/gp_drive.o
 .debug_info    0x00001e81      0x4a0 Build/Objects/GPIO.o
 .debug_info    0x00002321      0x793 Build/Objects/I2C.o
 .debug_info    0x00002ab4      0x1a7 Build/Objects/IWDG.o
 .debug_info    0x00002c5b      0x4fb Build/Objects/SPI.o
 .debug_info    0x00003156      0x126 Build/Objects/Systick_Timer.o
 .debug_info    0x0000327c      0x6b1 Build/Objects/Timer.o
 .debug_info    0x0000392d      0x311 Build/Objects/UART_Driver.o

.debug_abbrev   0x00000000     0x11a7
 .debug_abbrev  0x00000000      0x215 Build/Objects/main.o
 .debug_abbrev  0x00000215       0xe6 Build/Objects/startup.o
 .debug_abbrev  0x000002fb      0x12f Build/Objects/AHT20.o
 .debug_abbrev  0x0000042a       0xe6 Build/Objects/DHT11.o
 .debug_abbrev  0x00000510      0x143 Build/Objects/MAX7219.o
 .debug_abbrev  0x00000653       0xe1 Build/Objects/Delay.o
 .debug_abbrev  0x00000734      0x135 Build/Objects/DMA.o
 .debug_abbrev  0x00000869       0xee Build/Objects/gp_drive.o
 .debug_abbrev  0x00000957      0x172 Build/Objects/GPIO.o
 .debug_abbrev  0x00000ac9      0x19d Build/Objects/I2C.o
 .debug_abbrev  0x00000c66       0xec Build/Objects/IWDG.o
 .debug_abbrev  0x00000d52      0x117 Build/Objects/SPI.o
 .debug_abbrev  0x00000e69       0xce Build/Objects/Systick_Timer.o
 .debug_abbrev  0x00000f37      0x135 Build/Objects/Timer.o
 .debug_abbrev  0x0000106c      0x13b Build/Objects/UART_Driver.o

.debug_aranges  0x00000000      0x1e0
 .debug_aranges
                0x00000000       0x20 Build/Objects/main.o
 .debug_aranges
                0x00000020       0x20 Build/Objects/startup.o
 .debug_aranges
                0x00000040       0x20 Build/Objects/AHT20.o
 .debug_aranges
                0x00000060       0x20 Build/Objects/DHT11.o
 .debug_aranges
                0x00000080       0x20 Build/Objects/MAX7219.o
 .debug_aranges
                0x000000a0       0x20 Build/Objects/Delay.o
 .debug_aranges
                0x000000c0       0x20 Build/Objects/DMA.o
 .debug_aranges
                0x000000e0       0x20 Build/Objects/gp_drive.o
 .debug_aranges
                0x00000100       0x20 Build/Objects/GPIO.o
 .debug_aranges
                0x00000120       0x20 Build/Objects/I2C.o
 .debug_aranges
                0x00000140       0x20 Build/Objects/IWDG.o
 .debug_aranges
                0x00000160       0x20 Build/Objects/SPI.o
 .debug_aranges
                0x00000180       0x20 Build/Objects/Systick_Timer.o
 .debug_aranges
                0x000001a0       0x20 Build/Objects/Timer.o
 .debug_aranges
                0x000001c0       0x20 Build/Objects/UART_Driver.o

.debug_line     0x00000000     0x2954
 .debug_line    0x00000000      0x325 Build/Objects/main.o
 .debug_line    0x00000325      0x195 Build/Objects/startup.o
 .debug_line    0x000004ba      0x1fe Build/Objects/AHT20.o
 .debug_line    0x000006b8      0x209 Build/Objects/DHT11.o
 .debug_line    0x000008c1      0x243 Build/Objects/MAX7219.o
 .debug_line    0x00000b04      0x1d3 Build/Objects/Delay.o
 .debug_line    0x00000cd7      0x23d Build/Objects/DMA.o
 .debug_line    0x00000f14      0x14f Build/Objects/gp_drive.o
 .debug_line    0x00001063      0x69b Build/Objects/GPIO.o
 .debug_line    0x000016fe      0x56b Build/Objects/I2C.o
 .debug_line    0x00001c69        0x0 Build/Objects/I2C_Driver.o
 .debug_line    0x00001c69      0x1bf Build/Objects/IWDG.o
 .debug_line    0x00001e28      0x300 Build/Objects/SPI.o
 .debug_line    0x00002128      0x1b3 Build/Objects/Systick_Timer.o
 .debug_line    0x000022db      0x43f Build/Objects/Timer.o
 .debug_line    0x0000271a      0x23a Build/Objects/UART_Driver.o

.debug_str      0x00000000     0x13a5
 .debug_str     0x00000000      0x6e1 Build/Objects/main.o
                                0x763 (size before relaxing)
 .debug_str     0x000006e1       0x7d Build/Objects/startup.o
                                0x1ca (size before relaxing)
 .debug_str     0x0000075e       0xee Build/Objects/AHT20.o
                                0x2a1 (size before relaxing)
 .debug_str     0x0000084c       0xad Build/Objects/DHT11.o
                                0x1ff (size before relaxing)
 .debug_str     0x000008f9      0x138 Build/Objects/MAX7219.o
                                0x2ef (size before relaxing)
 .debug_str     0x00000a31       0x4a Build/Objects/Delay.o
                                0x21d (size before relaxing)
 .debug_str     0x00000a7b      0x1a4 Build/Objects/DMA.o
                                0x3a5 (size before relaxing)
 .debug_str     0x00000c1f       0x4c Build/Objects/gp_drive.o
                                0x11a (size before relaxing)
 .debug_str     0x00000c6b       0xc7 Build/Objects/GPIO.o
                                0x27c (size before relaxing)
 .debug_str     0x00000d32      0x1de Build/Objects/I2C.o
                                0x44c (size before relaxing)
 .debug_str     0x00000f10       0x21 Build/Objects/I2C_Driver.o
                                 0xc4 (size before relaxing)
 .debug_str     0x00000f31       0x7d Build/Objects/IWDG.o
                                0x1ea (size before relaxing)
 .debug_str     0x00000fae      0x127 Build/Objects/SPI.o
                                0x340 (size before relaxing)
 .debug_str     0x000010d5       0x62 Build/Objects/Systick_Timer.o
                                0x19d (size before relaxing)
 .debug_str     0x00001137      0x1c4 Build/Objects/Timer.o
                                0x3c9 (size before relaxing)
 .debug_str     0x000012fb       0xaa Build/Objects/UART_Driver.o
                                0x245 (size before relaxing)

.comment        0x00000000       0x49
 .comment       0x00000000       0x49 Build/Objects/main.o
                                 0x4a (size before relaxing)
 .comment       0x00000049       0x4a Build/Objects/startup.o
 .comment       0x00000049       0x4a Build/Objects/AHT20.o
 .comment       0x00000049       0x4a Build/Objects/DHT11.o
 .comment       0x00000049       0x4a Build/Objects/MAX7219.o
 .comment       0x00000049       0x4a Build/Objects/Delay.o
 .comment       0x00000049       0x4a Build/Objects/DMA.o
 .comment       0x00000049       0x4a Build/Objects/gp_drive.o
 .comment       0x00000049       0x4a Build/Objects/GPIO.o
 .comment       0x00000049       0x4a Build/Objects/I2C.o
 .comment       0x00000049       0x4a Build/Objects/I2C_Driver.o
 .comment       0x00000049       0x4a Build/Objects/IWDG.o
 .comment       0x00000049       0x4a Build/Objects/SPI.o
 .comment       0x00000049       0x4a Build/Objects/Systick_Timer.o
 .comment       0x00000049       0x4a Build/Objects/Timer.o
 .comment       0x00000049       0x4a Build/Objects/UART_Driver.o

.ARM.attributes
                0x00000000       0x2d
 .ARM.attributes
                0x00000000       0x2d Build/Objects/main.o
 .ARM.attributes
                0x0000002d       0x2d Build/Objects/startup.o
 .ARM.attributes
                0x0000005a       0x2d Build/Objects/AHT20.o
 .ARM.attributes
                0x00000087       0x2d Build/Objects/DHT11.o
 .ARM.attributes
                0x000000b4       0x2d Build/Objects/MAX7219.o
 .ARM.attributes
                0x000000e1       0x2d Build/Objects/Delay.o
 .ARM.attributes
                0x0000010e       0x2d Build/Objects/DMA.o
 .ARM.attributes
                0x0000013b       0x2d Build/Objects/gp_drive.o
 .ARM.attributes
                0x00000168       0x2d Build/Objects/GPIO.o
 .ARM.attributes
                0x00000195       0x2d Build/Objects/I2C.o
 .ARM.attributes
                0x000001c2       0x2d Build/Objects/I2C_Driver.o
 .ARM.attributes
                0x000001ef       0x2d Build/Objects/IWDG.o
 .ARM.attributes
                0x0000021c       0x2d Build/Objects/SPI.o
 .ARM.attributes
                0x00000249       0x2d Build/Objects/Systick_Timer.o
 .ARM.attributes
                0x00000276       0x2d Build/Objects/Timer.o
 .ARM.attributes
                0x000002a3       0x2d Build/Objects/UART_Driver.o

.debug_frame    0x00000000     0x1208
 .debug_frame   0x00000000      0x184 Build/Objects/main.o
 .debug_frame   0x00000184       0x4c Build/Objects/startup.o
 .debug_frame   0x000001d0       0xa0 Build/Objects/AHT20.o
 .debug_frame   0x00000270       0x7c Build/Objects/DHT11.o
 .debug_frame   0x000002ec      0x17c Build/Objects/MAX7219.o
 .debug_frame   0x00000468       0x78 Build/Objects/Delay.o
 .debug_frame   0x000004e0      0x210 Build/Objects/DMA.o
 .debug_frame   0x000006f0       0xb0 Build/Objects/gp_drive.o
 .debug_frame   0x000007a0      0x128 Build/Objects/GPIO.o
 .debug_frame   0x000008c8      0x24c Build/Objects/I2C.o
 .debug_frame   0x00000b14       0xc4 Build/Objects/IWDG.o
 .debug_frame   0x00000bd8      0x228 Build/Objects/SPI.o
 .debug_frame   0x00000e00       0x74 Build/Objects/Systick_Timer.o
 .debug_frame   0x00000e74      0x2cc Build/Objects/Timer.o
 .debug_frame   0x00001140       0xc8 Build/Objects/UART_Driver.o

.debug_ranges   0x00000000      0x138
 .debug_ranges  0x00000000      0x138 Build/Objects/GPIO.o
